../Drivers/BSP/STM32H7B3I-DK/stm32h7b3i_eval.c:171:9:BSP_GetVersion	4	static
../Drivers/BSP/STM32H7B3I-DK/stm32h7b3i_eval.c:180:16:BSP_GetBoardName	4	static
../Drivers/BSP/STM32H7B3I-DK/stm32h7b3i_eval.c:189:16:BSP_GetBoardID	4	static
../Drivers/BSP/STM32H7B3I-DK/stm32h7b3i_eval.c:204:9:BSP_LED_Init	56	static
../Drivers/BSP/STM32H7B3I-DK/stm32h7b3i_eval.c:261:9:BSP_LED_DeInit	56	static
../Drivers/BSP/STM32H7B3I-DK/stm32h7b3i_eval.c:310:9:BSP_LED_On	24	static
../Drivers/BSP/STM32H7B3I-DK/stm32h7b3i_eval.c:340:9:BSP_LED_Off	24	static
../Drivers/BSP/STM32H7B3I-DK/stm32h7b3i_eval.c:369:9:BSP_LED_Toggle	24	static
../Drivers/BSP/STM32H7B3I-DK/stm32h7b3i_eval.c:398:9:BSP_LED_GetState	24	static
../Drivers/BSP/STM32H7B3I-DK/stm32h7b3i_eval.c:432:9:BSP_PB_Init	48	static
../Drivers/BSP/STM32H7B3I-DK/stm32h7b3i_eval.c:506:9:BSP_PB_DeInit	40	static
../Drivers/BSP/STM32H7B3I-DK/stm32h7b3i_eval.c:526:9:BSP_PB_GetState	16	static
../Drivers/BSP/STM32H7B3I-DK/stm32h7b3i_eval.c:536:6:BSP_PB_IRQHandler	16	static
../Drivers/BSP/STM32H7B3I-DK/stm32h7b3i_eval.c:546:13:BSP_PB_Callback	16	static
../Drivers/BSP/STM32H7B3I-DK/stm32h7b3i_eval.c:991:9:BSP_JOY_Init	72	static
../Drivers/BSP/STM32H7B3I-DK/stm32h7b3i_eval.c:1096:9:BSP_JOY_DeInit	24	static
../Drivers/BSP/STM32H7B3I-DK/stm32h7b3i_eval.c:1149:6:BSP_JOY_IRQHandler	32	static,ignoring_inline_asm
../Drivers/BSP/STM32H7B3I-DK/stm32h7b3i_eval.c:1163:13:BSP_JOY_Callback	16	static
../Drivers/BSP/STM32H7B3I-DK/stm32h7b3i_eval.c:1184:9:BSP_JOY_GetState	24	static
../Drivers/BSP/STM32H7B3I-DK/stm32h7b3i_eval.c:1216:13:JOY1_UP_EXTI_Callback	8	static
../Drivers/BSP/STM32H7B3I-DK/stm32h7b3i_eval.c:1225:13:JOY1_DOWN_EXTI_Callback	8	static
../Drivers/BSP/STM32H7B3I-DK/stm32h7b3i_eval.c:1234:13:JOY1_SEL_EXTI_Callback	8	static
../Drivers/BSP/STM32H7B3I-DK/stm32h7b3i_eval.c:1243:13:JOY1_LEFT_EXTI_Callback	8	static
../Drivers/BSP/STM32H7B3I-DK/stm32h7b3i_eval.c:1252:13:JOY1_RIGHT_EXTI_Callback	8	static
../Drivers/BSP/STM32H7B3I-DK/stm32h7b3i_eval.c:1263:13:BUTTON_WAKEUP_EXTI_Callback	8	static
../Drivers/BSP/STM32H7B3I-DK/stm32h7b3i_eval.c:1272:13:BUTTON_TAMPER_EXTI_Callback	8	static
../Drivers/BSP/STM32H7B3I-DK/stm32h7b3i_eval.c:1281:13:BUTTON_USER_EXTI_Callback	8	static
