../Drivers/BSP/STM32H7B3I-DK/stm32h7b3i_eval_bus.c:187:9:BSP_I2C2_Init	16	static
../Drivers/BSP/STM32H7B3I-DK/stm32h7b3i_eval_bus.c:238:9:BSP_I2C2_DeInit	16	static
../Drivers/BSP/STM32H7B3I-DK/stm32h7b3i_eval_bus.c:266:26:MX_I2C2_Init	24	static
../Drivers/BSP/STM32H7B3I-DK/stm32h7b3i_eval_bus.c:312:9:BSP_I2C2_WriteReg	40	static
../Drivers/BSP/STM32H7B3I-DK/stm32h7b3i_eval_bus.c:350:9:BSP_I2C2_ReadReg	40	static
../Drivers/BSP/STM32H7B3I-DK/stm32h7b3i_eval_bus.c:388:9:BSP_I2C2_WriteReg16	40	static
../Drivers/BSP/STM32H7B3I-DK/stm32h7b3i_eval_bus.c:426:9:BSP_I2C2_ReadReg16	40	static
../Drivers/BSP/STM32H7B3I-DK/stm32h7b3i_eval_bus.c:463:9:BSP_I2C2_IsReady	24	static
../Drivers/BSP/STM32H7B3I-DK/stm32h7b3i_eval_bus.c:486:9:BSP_GetTick	8	static
../Drivers/BSP/STM32H7B3I-DK/stm32h7b3i_eval_bus.c:576:17:I2C_GetTiming	32	static
../Drivers/BSP/STM32H7B3I-DK/stm32h7b3i_eval_bus.c:614:13:I2C_Compute_PRESC_SCLDEL_SDADEL	64	static
../Drivers/BSP/STM32H7B3I-DK/stm32h7b3i_eval_bus.c:695:17:I2C_Compute_SCLL_SCLH	80	static
../Drivers/BSP/STM32H7B3I-DK/stm32h7b3i_eval_bus.c:773:13:I2C2_MspInit	48	static
../Drivers/BSP/STM32H7B3I-DK/stm32h7b3i_eval_bus.c:818:13:I2C2_MspDeInit	40	static
../Drivers/BSP/STM32H7B3I-DK/stm32h7b3i_eval_bus.c:844:16:I2C2_WriteReg	40	static
../Drivers/BSP/STM32H7B3I-DK/stm32h7b3i_eval_bus.c:863:16:I2C2_ReadReg	40	static
