../Drivers/BSP/STM32H7B3I-DK/stm32h7b3i_eval_io.c:105:9:BSP_IOEXPANDER_Init	24	static
../Drivers/BSP/STM32H7B3I-DK/stm32h7b3i_eval_io.c:142:9:BSP_IOEXPANDER_DeInit	24	static
../Drivers/BSP/STM32H7B3I-DK/stm32h7b3i_eval_io.c:178:9:BSP_IO_Init	24	static
../Drivers/BSP/STM32H7B3I-DK/stm32h7b3i_eval_io.c:228:9:BSP_IO_DeInit	24	static
../Drivers/BSP/STM32H7B3I-DK/stm32h7b3i_eval_io.c:256:9:BSP_IO_GetIT	16	static
../Drivers/BSP/STM32H7B3I-DK/stm32h7b3i_eval_io.c:273:9:BSP_IO_ClearIT	24	static
../Drivers/BSP/STM32H7B3I-DK/stm32h7b3i_eval_io.c:302:9:BSP_IO_WritePin	32	static
../Drivers/BSP/STM32H7B3I-DK/stm32h7b3i_eval_io.c:328:9:BSP_IO_ReadPin	16	static
../Drivers/BSP/STM32H7B3I-DK/stm32h7b3i_eval_io.c:346:9:BSP_IO_TogglePin	24	static
../Drivers/BSP/STM32H7B3I-DK/stm32h7b3i_eval_io.c:389:6:BSP_IOEXPANDER_ITConfig	40	static
../Drivers/BSP/STM32H7B3I-DK/stm32h7b3i_eval_io.c:420:6:BSP_IO_IRQHandler	16	static
../Drivers/BSP/STM32H7B3I-DK/stm32h7b3i_eval_io.c:433:13:BSP_IO_Callback	16	static
../Drivers/BSP/STM32H7B3I-DK/stm32h7b3i_eval_io.c:454:16:MFXSTM32L152_Probe	56	static
../Drivers/BSP/STM32H7B3I-DK/stm32h7b3i_eval_io.c:506:13:IO_EXTI_Callback	8	static
