Archive member included to satisfy reference by file (symbol)

c:/program files/stmicroelectronics/stm32cubeide/plugins/com.st.stm32cube.ide.mcu.externaltools.gnu-tools-for-stm32.10.3-2021.10.win32_1.0.100.202210260954/tools/bin/../lib/gcc/arm-none-eabi/10.3.1/../../../../arm-none-eabi/lib/thumb/v7e-m+dp/hard\libc_nano.a(lib_a-errno.o)
                              ./Core/Src/syscalls.o (__errno)
c:/program files/stmicroelectronics/stm32cubeide/plugins/com.st.stm32cube.ide.mcu.externaltools.gnu-tools-for-stm32.10.3-2021.10.win32_1.0.100.202210260954/tools/bin/../lib/gcc/arm-none-eabi/10.3.1/../../../../arm-none-eabi/lib/thumb/v7e-m+dp/hard\libc_nano.a(lib_a-exit.o)
                              c:/program files/stmicroelectronics/stm32cubeide/plugins/com.st.stm32cube.ide.mcu.externaltools.gnu-tools-for-stm32.10.3-2021.10.win32_1.0.100.202210260954/tools/bin/../lib/gcc/arm-none-eabi/10.3.1/../../../../arm-none-eabi/lib/thumb/v7e-m+dp/hard/crt0.o (exit)
c:/program files/stmicroelectronics/stm32cubeide/plugins/com.st.stm32cube.ide.mcu.externaltools.gnu-tools-for-stm32.10.3-2021.10.win32_1.0.100.202210260954/tools/bin/../lib/gcc/arm-none-eabi/10.3.1/../../../../arm-none-eabi/lib/thumb/v7e-m+dp/hard\libc_nano.a(lib_a-impure.o)
                              c:/program files/stmicroelectronics/stm32cubeide/plugins/com.st.stm32cube.ide.mcu.externaltools.gnu-tools-for-stm32.10.3-2021.10.win32_1.0.100.202210260954/tools/bin/../lib/gcc/arm-none-eabi/10.3.1/../../../../arm-none-eabi/lib/thumb/v7e-m+dp/hard\libc_nano.a(lib_a-exit.o) (_global_impure_ptr)
c:/program files/stmicroelectronics/stm32cubeide/plugins/com.st.stm32cube.ide.mcu.externaltools.gnu-tools-for-stm32.10.3-2021.10.win32_1.0.100.202210260954/tools/bin/../lib/gcc/arm-none-eabi/10.3.1/../../../../arm-none-eabi/lib/thumb/v7e-m+dp/hard\libc_nano.a(lib_a-init.o)
                              c:/program files/stmicroelectronics/stm32cubeide/plugins/com.st.stm32cube.ide.mcu.externaltools.gnu-tools-for-stm32.10.3-2021.10.win32_1.0.100.202210260954/tools/bin/../lib/gcc/arm-none-eabi/10.3.1/../../../../arm-none-eabi/lib/thumb/v7e-m+dp/hard/crt0.o (__libc_init_array)
c:/program files/stmicroelectronics/stm32cubeide/plugins/com.st.stm32cube.ide.mcu.externaltools.gnu-tools-for-stm32.10.3-2021.10.win32_1.0.100.202210260954/tools/bin/../lib/gcc/arm-none-eabi/10.3.1/../../../../arm-none-eabi/lib/thumb/v7e-m+dp/hard\libc_nano.a(lib_a-memset.o)
                              c:/program files/stmicroelectronics/stm32cubeide/plugins/com.st.stm32cube.ide.mcu.externaltools.gnu-tools-for-stm32.10.3-2021.10.win32_1.0.100.202210260954/tools/bin/../lib/gcc/arm-none-eabi/10.3.1/../../../../arm-none-eabi/lib/thumb/v7e-m+dp/hard/crt0.o (memset)
c:/program files/stmicroelectronics/stm32cubeide/plugins/com.st.stm32cube.ide.mcu.externaltools.gnu-tools-for-stm32.10.3-2021.10.win32_1.0.100.202210260954/tools/bin/../lib/gcc/arm-none-eabi/10.3.1/thumb/v7e-m+dp/hard\libgcc.a(_aeabi_uldivmod.o)
                              ./Drivers/STM32H7xx_HAL_Driver/Src/stm32h7xx_hal_uart.o (__aeabi_uldivmod)
c:/program files/stmicroelectronics/stm32cubeide/plugins/com.st.stm32cube.ide.mcu.externaltools.gnu-tools-for-stm32.10.3-2021.10.win32_1.0.100.202210260954/tools/bin/../lib/gcc/arm-none-eabi/10.3.1/thumb/v7e-m+dp/hard\libgcc.a(_udivmoddi4.o)
                              c:/program files/stmicroelectronics/stm32cubeide/plugins/com.st.stm32cube.ide.mcu.externaltools.gnu-tools-for-stm32.10.3-2021.10.win32_1.0.100.202210260954/tools/bin/../lib/gcc/arm-none-eabi/10.3.1/thumb/v7e-m+dp/hard\libgcc.a(_aeabi_uldivmod.o) (__udivmoddi4)
c:/program files/stmicroelectronics/stm32cubeide/plugins/com.st.stm32cube.ide.mcu.externaltools.gnu-tools-for-stm32.10.3-2021.10.win32_1.0.100.202210260954/tools/bin/../lib/gcc/arm-none-eabi/10.3.1/thumb/v7e-m+dp/hard\libgcc.a(_dvmd_tls.o)
                              c:/program files/stmicroelectronics/stm32cubeide/plugins/com.st.stm32cube.ide.mcu.externaltools.gnu-tools-for-stm32.10.3-2021.10.win32_1.0.100.202210260954/tools/bin/../lib/gcc/arm-none-eabi/10.3.1/thumb/v7e-m+dp/hard\libgcc.a(_aeabi_uldivmod.o) (__aeabi_ldiv0)

Discarded input sections

 .text          0x0000000000000000        0x0 c:/program files/stmicroelectronics/stm32cubeide/plugins/com.st.stm32cube.ide.mcu.externaltools.gnu-tools-for-stm32.10.3-2021.10.win32_1.0.100.202210260954/tools/bin/../lib/gcc/arm-none-eabi/10.3.1/thumb/v7e-m+dp/hard/crti.o
 .data          0x0000000000000000        0x0 c:/program files/stmicroelectronics/stm32cubeide/plugins/com.st.stm32cube.ide.mcu.externaltools.gnu-tools-for-stm32.10.3-2021.10.win32_1.0.100.202210260954/tools/bin/../lib/gcc/arm-none-eabi/10.3.1/thumb/v7e-m+dp/hard/crti.o
 .bss           0x0000000000000000        0x0 c:/program files/stmicroelectronics/stm32cubeide/plugins/com.st.stm32cube.ide.mcu.externaltools.gnu-tools-for-stm32.10.3-2021.10.win32_1.0.100.202210260954/tools/bin/../lib/gcc/arm-none-eabi/10.3.1/thumb/v7e-m+dp/hard/crti.o
[...]
Memory Configuration

Name             Origin             Length             Attributes
ITCMRAM          0x0000000000000000 0x0000000000010000 xrw
FLASH            0x0000000008000000 0x0000000000200000 xr
DTCMRAM1         0x0000000020000000 0x0000000000010000 xrw
DTCMRAM2         0x0000000020010000 0x0000000000010000 xrw
RAM              0x0000000024000000 0x0000000000100000 xrw
RAM_CD           0x0000000030000000 0x0000000000020000 xrw
RAM_SRD          0x0000000038000000 0x0000000000008000 xrw
*default*        0x0000000000000000 0xffffffffffffffff

Linker script and memory map

LOAD c:/program files/stmicroelectronics/stm32cubeide/plugins/com.st.stm32cube.ide.mcu.externaltools.gnu-tools-for-stm32.10.3-2021.10.win32_1.0.100.202210260954/tools/bin/../lib/gcc/arm-none-eabi/10.3.1/thumb/v7e-m+dp/hard/crti.o
LOAD c:/program files/stmicroelectronics/stm32cubeide/plugins/com.st.stm32cube.ide.mcu.externaltools.gnu-tools-for-stm32.10.3-2021.10.win32_1.0.100.202210260954/tools/bin/../lib/gcc/arm-none-eabi/10.3.1/thumb/v7e-m+dp/hard/crtbegin.o
LOAD c:/program files/stmicroelectronics/stm32cubeide/plugins/com.st.stm32cube.ide.mcu.externaltools.gnu-tools-for-stm32.10.3-2021.10.win32_1.0.100.202210260954/tools/bin/../lib/gcc/arm-none-eabi/10.3.1/../../../../arm-none-eabi/lib/thumb/v7e-m+dp/hard/crt0.o
LOAD ./Core/Src/main.o
LOAD ./Core/Src/syscalls.o
LOAD ./Core/Src/sysmem.o
LOAD ./Core/Src/system_stm32h7xx.o
LOAD ./Core/Startup/startup_stm32h7b3lihxq.o
LOAD ./Drivers/BSP/STM32H7B3I-DK/mfxstm32l152.o
LOAD ./Drivers/BSP/STM32H7B3I-DK/mfxstm32l152_reg.o
LOAD ./Drivers/BSP/STM32H7B3I-DK/ov5640.o
LOAD ./Drivers/BSP/STM32H7B3I-DK/ov5640_reg.o
LOAD ./Drivers/BSP/STM32H7B3I-DK/stm32h7b3i_eval.o
LOAD ./Drivers/BSP/STM32H7B3I-DK/stm32h7b3i_eval_bus.o
LOAD ./Drivers/BSP/STM32H7B3I-DK/stm32h7b3i_eval_camera.o
LOAD ./Drivers/BSP/STM32H7B3I-DK/stm32h7b3i_eval_io.o
LOAD ./Drivers/STM32H7xx_HAL_Driver/Src/stm32h7xx_hal.o
LOAD ./Drivers/STM32H7xx_HAL_Driver/Src/stm32h7xx_hal_cortex.o
LOAD ./Drivers/STM32H7xx_HAL_Driver/Src/stm32h7xx_hal_dcmi.o
LOAD ./Drivers/STM32H7xx_HAL_Driver/Src/stm32h7xx_hal_dma.o
LOAD ./Drivers/STM32H7xx_HAL_Driver/Src/stm32h7xx_hal_dma2d.o
LOAD ./Drivers/STM32H7xx_HAL_Driver/Src/stm32h7xx_hal_dma_ex.o
LOAD ./Drivers/STM32H7xx_HAL_Driver/Src/stm32h7xx_hal_exti.o
LOAD ./Drivers/STM32H7xx_HAL_Driver/Src/stm32h7xx_hal_flash.o
LOAD ./Drivers/STM32H7xx_HAL_Driver/Src/stm32h7xx_hal_flash_ex.o
LOAD ./Drivers/STM32H7xx_HAL_Driver/Src/stm32h7xx_hal_gpio.o
LOAD ./Drivers/STM32H7xx_HAL_Driver/Src/stm32h7xx_hal_hsem.o
LOAD ./Drivers/STM32H7xx_HAL_Driver/Src/stm32h7xx_hal_i2c.o
LOAD ./Drivers/STM32H7xx_HAL_Driver/Src/stm32h7xx_hal_i2c_ex.o
LOAD ./Drivers/STM32H7xx_HAL_Driver/Src/stm32h7xx_hal_i2s.o
LOAD ./Drivers/STM32H7xx_HAL_Driver/Src/stm32h7xx_hal_i2s_ex.o
LOAD ./Drivers/STM32H7xx_HAL_Driver/Src/stm32h7xx_hal_ltdc.o
LOAD ./Drivers/STM32H7xx_HAL_Driver/Src/stm32h7xx_hal_ltdc_ex.o
LOAD ./Drivers/STM32H7xx_HAL_Driver/Src/stm32h7xx_hal_mdma.o
LOAD ./Drivers/STM32H7xx_HAL_Driver/Src/stm32h7xx_hal_ospi.o
LOAD ./Drivers/STM32H7xx_HAL_Driver/Src/stm32h7xx_hal_pwr.o
LOAD ./Drivers/STM32H7xx_HAL_Driver/Src/stm32h7xx_hal_pwr_ex.o
LOAD ./Drivers/STM32H7xx_HAL_Driver/Src/stm32h7xx_hal_rcc.o
LOAD ./Drivers/STM32H7xx_HAL_Driver/Src/stm32h7xx_hal_rcc_ex.o
LOAD ./Drivers/STM32H7xx_HAL_Driver/Src/stm32h7xx_hal_rtc.o
LOAD ./Drivers/STM32H7xx_HAL_Driver/Src/stm32h7xx_hal_rtc_ex.o
LOAD ./Drivers/STM32H7xx_HAL_Driver/Src/stm32h7xx_hal_sd.o
LOAD ./Drivers/STM32H7xx_HAL_Driver/Src/stm32h7xx_hal_sd_ex.o
LOAD ./Drivers/STM32H7xx_HAL_Driver/Src/stm32h7xx_hal_sdram.o
LOAD ./Drivers/STM32H7xx_HAL_Driver/Src/stm32h7xx_hal_spi.o
LOAD ./Drivers/STM32H7xx_HAL_Driver/Src/stm32h7xx_hal_spi_ex.o
LOAD ./Drivers/STM32H7xx_HAL_Driver/Src/stm32h7xx_hal_tim.o
LOAD ./Drivers/STM32H7xx_HAL_Driver/Src/stm32h7xx_hal_tim_ex.o
LOAD ./Drivers/STM32H7xx_HAL_Driver/Src/stm32h7xx_hal_uart.o
LOAD ./Drivers/STM32H7xx_HAL_Driver/Src/stm32h7xx_hal_uart_ex.o
LOAD ./Drivers/STM32H7xx_HAL_Driver/Src/stm32h7xx_ll_delayblock.o
LOAD ./Drivers/STM32H7xx_HAL_Driver/Src/stm32h7xx_ll_fmc.o
LOAD ./Drivers/STM32H7xx_HAL_Driver/Src/stm32h7xx_ll_sdmmc.o
START GROUP
LOAD c:/program files/stmicroelectronics/stm32cubeide/plugins/com.st.stm32cube.ide.mcu.externaltools.gnu-tools-for-stm32.10.3-2021.10.win32_1.0.100.202210260954/tools/bin/../lib/gcc/arm-none-eabi/10.3.1/../../../../arm-none-eabi/lib/thumb/v7e-m+dp/hard\libc_nano.a
LOAD c:/program files/stmicroelectronics/stm32cubeide/plugins/com.st.stm32cube.ide.mcu.externaltools.gnu-tools-for-stm32.10.3-2021.10.win32_1.0.100.202210260954/tools/bin/../lib/gcc/arm-none-eabi/10.3.1/../../../../arm-none-eabi/lib/thumb/v7e-m+dp/hard\libm.a
END GROUP
START GROUP
LOAD c:/program files/stmicroelectronics/stm32cubeide/plugins/com.st.stm32cube.ide.mcu.externaltools.gnu-tools-for-stm32.10.3-2021.10.win32_1.0.100.202210260954/tools/bin/../lib/gcc/arm-none-eabi/10.3.1/thumb/v7e-m+dp/hard\libgcc.a
LOAD c:/program files/stmicroelectronics/stm32cubeide/plugins/com.st.stm32cube.ide.mcu.externaltools.gnu-tools-for-stm32.10.3-2021.10.win32_1.0.100.202210260954/tools/bin/../lib/gcc/arm-none-eabi/10.3.1/../../../../arm-none-eabi/lib/thumb/v7e-m+dp/hard\libc_nano.a
END GROUP
START GROUP
LOAD c:/program files/stmicroelectronics/stm32cubeide/plugins/com.st.stm32cube.ide.mcu.externaltools.gnu-tools-for-stm32.10.3-2021.10.win32_1.0.100.202210260954/tools/bin/../lib/gcc/arm-none-eabi/10.3.1/thumb/v7e-m+dp/hard\libgcc.a
LOAD c:/program files/stmicroelectronics/stm32cubeide/plugins/com.st.stm32cube.ide.mcu.externaltools.gnu-tools-for-stm32.10.3-2021.10.win32_1.0.100.202210260954/tools/bin/../lib/gcc/arm-none-eabi/10.3.1/../../../../arm-none-eabi/lib/thumb/v7e-m+dp/hard\libc_nano.a
LOAD c:/program files/stmicroelectronics/stm32cubeide/plugins/com.st.stm32cube.ide.mcu.externaltools.gnu-tools-for-stm32.10.3-2021.10.win32_1.0.100.202210260954/tools/bin/../lib/gcc/arm-none-eabi/10.3.1/../../../../arm-none-eabi/lib/thumb/v7e-m+dp/hard\libnosys.a
END GROUP
START GROUP
LOAD c:/program files/stmicroelectronics/stm32cubeide/plugins/com.st.stm32cube.ide.mcu.externaltools.gnu-tools-for-stm32.10.3-2021.10.win32_1.0.100.202210260954/tools/bin/../lib/gcc/arm-none-eabi/10.3.1/thumb/v7e-m+dp/hard\libgcc.a
LOAD c:/program files/stmicroelectronics/stm32cubeide/plugins/com.st.stm32cube.ide.mcu.externaltools.gnu-tools-for-stm32.10.3-2021.10.win32_1.0.100.202210260954/tools/bin/../lib/gcc/arm-none-eabi/10.3.1/../../../../arm-none-eabi/lib/thumb/v7e-m+dp/hard\libc_nano.a
LOAD c:/program files/stmicroelectronics/stm32cubeide/plugins/com.st.stm32cube.ide.mcu.externaltools.gnu-tools-for-stm32.10.3-2021.10.win32_1.0.100.202210260954/tools/bin/../lib/gcc/arm-none-eabi/10.3.1/../../../../arm-none-eabi/lib/thumb/v7e-m+dp/hard\libnosys.a
END GROUP
LOAD c:/program files/stmicroelectronics/stm32cubeide/plugins/com.st.stm32cube.ide.mcu.externaltools.gnu-tools-for-stm32.10.3-2021.10.win32_1.0.100.202210260954/tools/bin/../lib/gcc/arm-none-eabi/10.3.1/thumb/v7e-m+dp/hard/crtend.o
LOAD c:/program files/stmicroelectronics/stm32cubeide/plugins/com.st.stm32cube.ide.mcu.externaltools.gnu-tools-for-stm32.10.3-2021.10.win32_1.0.100.202210260954/tools/bin/../lib/gcc/arm-none-eabi/10.3.1/thumb/v7e-m+dp/hard/crtn.o
                0x0000000024100000                _estack = (ORIGIN (RAM) + LENGTH (RAM))
                0x0000000000000200                _Min_Heap_Size = 0x200
                0x0000000000000400                _Min_Stack_Size = 0x400

.isr_vector     0x0000000008000000      0x2ac
                0x0000000008000000                . = ALIGN (0x4)
 *(.isr_vector)
 .isr_vector    0x0000000008000000      0x2ac ./Core/Startup/startup_stm32h7b3lihxq.o
                0x0000000008000000                g_pfnVectors
                0x00000000080002ac                . = ALIGN (0x4)

.text           0x00000000080002ac    0x10f74
                0x00000000080002ac                . = ALIGN (0x4)
 *(.text)
 .text          0x00000000080002ac       0x40 c:/program files/stmicroelectronics/stm32cubeide/plugins/com.st.stm32cube.ide.mcu.externaltools.gnu-tools-for-stm32.10.3-2021.10.win32_1.0.100.202210260954/tools/bin/../lib/gcc/arm-none-eabi/10.3.1/thumb/v7e-m+dp/hard/crtbegin.o
 .text          0x00000000080002ec       0x30 c:/program files/stmicroelectronics/stm32cubeide/plugins/com.st.stm32cube.ide.mcu.externaltools.gnu-tools-for-stm32.10.3-2021.10.win32_1.0.100.202210260954/tools/bin/../lib/gcc/arm-none-eabi/10.3.1/thumb/v7e-m+dp/hard\libgcc.a(_aeabi_uldivmod.o)
                0x00000000080002ec                __aeabi_uldivmod
 .text          0x000000000800031c      0x2d0 c:/program files/stmicroelectronics/stm32cubeide/plugins/com.st.stm32cube.ide.mcu.externaltools.gnu-tools-for-stm32.10.3-2021.10.win32_1.0.100.202210260954/tools/bin/../lib/gcc/arm-none-eabi/10.3.1/thumb/v7e-m+dp/hard\libgcc.a(_udivmoddi4.o)
                0x000000000800031c                __udivmoddi4
 .text          0x00000000080005ec        0x4 c:/program files/stmicroelectronics/stm32cubeide/plugins/com.st.stm32cube.ide.mcu.externaltools.gnu-tools-for-stm32.10.3-2021.10.win32_1.0.100.202210260954/tools/bin/../lib/gcc/arm-none-eabi/10.3.1/thumb/v7e-m+dp/hard\libgcc.a(_dvmd_tls.o)
                0x00000000080005ec                __aeabi_idiv0
                0x00000000080005ec                __aeabi_ldiv0
 *(.text*)
 .text.main     0x00000000080005f0      0x118 ./Core/Src/main.o
                0x00000000080005f0                main
 .text.SystemClock_Config
                0x0000000008000708      0x124 ./Core/Src/main.o
                0x0000000008000708                SystemClock_Config
 .text.PeriphCommonClock_Config
                0x000000000800082c       0x6c ./Core/Src/main.o
                0x000000000800082c                PeriphCommonClock_Config
 .text.MX_DMA2D_Init
                0x0000000008000898       0x74 ./Core/Src/main.o
 .text.MX_I2C1_Init
                0x000000000800090c       0x80 ./Core/Src/main.o
 .text.MX_I2C2_Init
                0x000000000800098c       0x80 ./Core/Src/main.o
 .text.MX_I2C4_Init
                0x0000000008000a0c       0x80 ./Core/Src/main.o
 .text.MX_I2S6_Init
                0x0000000008000a8c       0x68 ./Core/Src/main.o
 .text.MX_LTDC_Init
                0x0000000008000af4      0x164 ./Core/Src/main.o
 .text.MX_OCTOSPI1_Init
                0x0000000008000c58       0xc4 ./Core/Src/main.o
 .text.MX_RTC_Init
                0x0000000008000d1c       0x54 ./Core/Src/main.o
 .text.MX_SDMMC1_SD_Init
                0x0000000008000d70       0x48 ./Core/Src/main.o
 .text.MX_SPI2_Init
                0x0000000008000db8       0xac ./Core/Src/main.o
 .text.MX_USART1_UART_Init
                0x0000000008000e64       0x98 ./Core/Src/main.o
 .text.MX_FMC_Init
                0x0000000008000efc       0x9c ./Core/Src/main.o
 .text.MX_GPIO_Init
                0x0000000008000f98      0x29c ./Core/Src/main.o
 .text.Error_Handler
                0x0000000008001234        0xa ./Core/Src/main.o
                0x0000000008001234                Error_Handler
 *fill*         0x000000000800123e        0x2 
 .text.SystemInit
                0x0000000008001240       0xf0 ./Core/Src/system_stm32h7xx.o
                0x0000000008001240                SystemInit
 .text.Reset_Handler
                0x0000000008001330       0x50 ./Core/Startup/startup_stm32h7b3lihxq.o
                0x0000000008001330                Reset_Handler
 .text.Default_Handler
                0x0000000008001380        0x2 ./Core/Startup/startup_stm32h7b3lihxq.o
                0x0000000008001380                RTC_Alarm_IRQHandler
                0x0000000008001380                HASH_RNG_IRQHandler
                0x0000000008001380                EXTI2_IRQHandler
                0x0000000008001380                TIM8_CC_IRQHandler
                0x0000000008001380                DebugMon_Handler
                0x0000000008001380                UART8_IRQHandler
                0x0000000008001380                BDMA2_Channel1_IRQHandler
                0x0000000008001380                SPI4_IRQHandler
                0x0000000008001380                BDMA2_Channel0_IRQHandler
                0x0000000008001380                TIM1_CC_IRQHandler
                0x0000000008001380                DMA2_Stream5_IRQHandler
                0x0000000008001380                HardFault_Handler
                0x0000000008001380                JPEG_IRQHandler
                0x0000000008001380                DMA1_Stream5_IRQHandler
                0x0000000008001380                SysTick_Handler
                0x0000000008001380                PendSV_Handler
                0x0000000008001380                NMI_Handler
                0x0000000008001380                EXTI3_IRQHandler
                0x0000000008001380                LPTIM4_IRQHandler
                0x0000000008001380                TIM8_TRG_COM_TIM14_IRQHandler
                0x0000000008001380                LPTIM2_IRQHandler
                0x0000000008001380                DFSDM1_FLT1_IRQHandler
                0x0000000008001380                DMAMUX2_OVR_IRQHandler
                0x0000000008001380                GFXMMU_IRQHandler
                0x0000000008001380                TIM8_UP_TIM13_IRQHandler
                0x0000000008001380                I2C3_ER_IRQHandler
                0x0000000008001380                DFSDM1_FLT2_IRQHandler
                0x0000000008001380                USART10_IRQHandler
                0x0000000008001380                MDMA_IRQHandler
                0x0000000008001380                LPTIM3_IRQHandler
                0x0000000008001380                BDMA2_Channel3_IRQHandler
                0x0000000008001380                HSEM1_IRQHandler
                0x0000000008001380                EXTI0_IRQHandler
                0x0000000008001380                I2C2_EV_IRQHandler
                0x0000000008001380                DAC2_IRQHandler
                0x0000000008001380                DMA1_Stream2_IRQHandler
                0x0000000008001380                FPU_IRQHandler
                0x0000000008001380                OTG_HS_WKUP_IRQHandler
                0x0000000008001380                FDCAN1_IT1_IRQHandler
                0x0000000008001380                UsageFault_Handler
                0x0000000008001380                LTDC_ER_IRQHandler
                0x0000000008001380                DMA2_Stream2_IRQHandler
                0x0000000008001380                SPI1_IRQHandler
                0x0000000008001380                OCTOSPI1_IRQHandler
                0x0000000008001380                TIM6_DAC_IRQHandler
                0x0000000008001380                BDMA2_Channel6_IRQHandler
                0x0000000008001380                DMA2_Stream3_IRQHandler
                0x0000000008001380                OCTOSPI2_IRQHandler
                0x0000000008001380                SAI2_IRQHandler
                0x0000000008001380                BDMA1_IRQHandler
                0x0000000008001380                DFSDM1_FLT3_IRQHandler
                0x0000000008001380                USART6_IRQHandler
                0x0000000008001380                TIM17_IRQHandler
                0x0000000008001380                USART3_IRQHandler
                0x0000000008001380                CRYP_IRQHandler
                0x0000000008001380                LPTIM5_IRQHandler
                0x0000000008001380                UART5_IRQHandler
                0x0000000008001380                DMA2_Stream0_IRQHandler
                0x0000000008001380                TIM4_IRQHandler
                0x0000000008001380                I2C1_EV_IRQHandler
                0x0000000008001380                DMA1_Stream6_IRQHandler
                0x0000000008001380                DMAMUX1_OVR_IRQHandler
                0x0000000008001380                DMA1_Stream1_IRQHandler
                0x0000000008001380                TIM16_IRQHandler
                0x0000000008001380                UART4_IRQHandler
                0x0000000008001380                TIM3_IRQHandler
                0x0000000008001380                RCC_IRQHandler
                0x0000000008001380                UART9_IRQHandler
                0x0000000008001380                TIM8_BRK_TIM12_IRQHandler
                0x0000000008001380                TIM1_TRG_COM_IRQHandler
                0x0000000008001380                Default_Handler
                0x0000000008001380                ECC_IRQHandler
                0x0000000008001380                BDMA2_Channel2_IRQHandler
                0x0000000008001380                CEC_IRQHandler
                0x0000000008001380                EXTI15_10_IRQHandler
                0x0000000008001380                DFSDM1_FLT4_IRQHandler
                0x0000000008001380                ADC_IRQHandler
                0x0000000008001380                OTFDEC1_IRQHandler
                0x0000000008001380                DMA1_Stream7_IRQHandler
                0x0000000008001380                SPI5_IRQHandler
                0x0000000008001380                TIM7_IRQHandler
                0x0000000008001380                SDMMC1_IRQHandler
                0x0000000008001380                TIM5_IRQHandler
                0x0000000008001380                DMA2_Stream7_IRQHandler
                0x0000000008001380                TIM15_IRQHandler
                0x0000000008001380                I2C3_EV_IRQHandler
                0x0000000008001380                DFSDM2_IRQHandler
                0x0000000008001380                EXTI9_5_IRQHandler
                0x0000000008001380                RTC_WKUP_IRQHandler
                0x0000000008001380                LTDC_IRQHandler
                0x0000000008001380                SPDIF_RX_IRQHandler
                0x0000000008001380                PVD_PVM_IRQHandler
                0x0000000008001380                SPI2_IRQHandler
                0x0000000008001380                OTG_HS_EP1_IN_IRQHandler
                0x0000000008001380                DFSDM1_FLT5_IRQHandler
                0x0000000008001380                MemManage_Handler
                0x0000000008001380                DMA1_Stream0_IRQHandler
                0x0000000008001380                OTFDEC2_IRQHandler
                0x0000000008001380                SVC_Handler
                0x0000000008001380                CRS_IRQHandler
                0x0000000008001380                EXTI4_IRQHandler
                0x0000000008001380                DFSDM1_FLT6_IRQHandler
                0x0000000008001380                FDCAN2_IT1_IRQHandler
                0x0000000008001380                COMP_IRQHandler
                0x0000000008001380                TIM1_UP_IRQHandler
                0x0000000008001380                OTG_HS_EP1_OUT_IRQHandler
                0x0000000008001380                WWDG_IRQHandler
                0x0000000008001380                SPI6_IRQHandler
                0x0000000008001380                MDIOS_IRQHandler
                0x0000000008001380                I2C4_EV_IRQHandler
                0x0000000008001380                FDCAN2_IT0_IRQHandler
                0x0000000008001380                LPUART1_IRQHandler
                0x0000000008001380                FDCAN1_IT0_IRQHandler
                0x0000000008001380                TIM2_IRQHandler
                0x0000000008001380                BDMA2_Channel5_IRQHandler
                0x0000000008001380                OTG_HS_IRQHandler
                0x0000000008001380                DMA2D_IRQHandler
                0x0000000008001380                TIM1_BRK_IRQHandler
                0x0000000008001380                EXTI1_IRQHandler
                0x0000000008001380                SDMMC2_IRQHandler
                0x0000000008001380                DTS_IRQHandler
                0x0000000008001380                UART7_IRQHandler
                0x0000000008001380                MDIOS_WKUP_IRQHandler
                0x0000000008001380                USART2_IRQHandler
                0x0000000008001380                DFSDM1_FLT0_IRQHandler
                0x0000000008001380                I2C2_ER_IRQHandler
                0x0000000008001380                DMA2_Stream1_IRQHandler
                0x0000000008001380                DFSDM1_FLT7_IRQHandler
                0x0000000008001380                FLASH_IRQHandler
                0x0000000008001380                DMA2_Stream4_IRQHandler
                0x0000000008001380                BusFault_Handler
                0x0000000008001380                USART1_IRQHandler
                0x0000000008001380                SPI3_IRQHandler
                0x0000000008001380                WAKEUP_PIN_IRQHandler
                0x0000000008001380                DMA1_Stream4_IRQHandler
                0x0000000008001380                I2C1_ER_IRQHandler
                0x0000000008001380                FMC_IRQHandler
                0x0000000008001380                BDMA2_Channel7_IRQHandler
                0x0000000008001380                FDCAN_CAL_IRQHandler
                0x0000000008001380                SWPMI1_IRQHandler
                0x0000000008001380                LPTIM1_IRQHandler
                0x0000000008001380                DCMI_PSSI_IRQHandler
                0x0000000008001380                I2C4_ER_IRQHandler
                0x0000000008001380                DMA2_Stream6_IRQHandler
                0x0000000008001380                SAI1_IRQHandler
                0x0000000008001380                DMA1_Stream3_IRQHandler
                0x0000000008001380                RTC_TAMP_STAMP_CSS_LSE_IRQHandler
                0x0000000008001380                BDMA2_Channel4_IRQHandler
 .text.MFXSTM32L152_Init
                0x0000000008001382       0x5a ./Drivers/BSP/STM32H7B3I-DK/mfxstm32l152.o
                0x0000000008001382                MFXSTM32L152_Init
 .text.MFXSTM32L152_DeInit
                0x00000000080013dc       0x28 ./Drivers/BSP/STM32H7B3I-DK/mfxstm32l152.o
                0x00000000080013dc                MFXSTM32L152_DeInit
 .text.MFXSTM32L152_Reset
                0x0000000008001404       0x38 ./Drivers/BSP/STM32H7B3I-DK/mfxstm32l152.o
                0x0000000008001404                MFXSTM32L152_Reset
 .text.MFXSTM32L152_ReadID
                0x000000000800143c       0x46 ./Drivers/BSP/STM32H7B3I-DK/mfxstm32l152.o
                0x000000000800143c                MFXSTM32L152_ReadID
 .text.MFXSTM32L152_EnableITSource
                0x0000000008001482       0x62 ./Drivers/BSP/STM32H7B3I-DK/mfxstm32l152.o
                0x0000000008001482                MFXSTM32L152_EnableITSource
 .text.MFXSTM32L152_DisableITSource
                0x00000000080014e4       0x6c ./Drivers/BSP/STM32H7B3I-DK/mfxstm32l152.o
                0x00000000080014e4                MFXSTM32L152_DisableITSource
 .text.MFXSTM32L152_SetIrqOutPinPolarity
                0x0000000008001550       0x6c ./Drivers/BSP/STM32H7B3I-DK/mfxstm32l152.o
                0x0000000008001550                MFXSTM32L152_SetIrqOutPinPolarity
 .text.MFXSTM32L152_SetIrqOutPinType
                0x00000000080015bc       0x6c ./Drivers/BSP/STM32H7B3I-DK/mfxstm32l152.o
                0x00000000080015bc                MFXSTM32L152_SetIrqOutPinType
 .text.MFXSTM32L152_IO_Start
                0x0000000008001628       0x7e ./Drivers/BSP/STM32H7B3I-DK/mfxstm32l152.o
                0x0000000008001628                MFXSTM32L152_IO_Start
 *fill*         0x00000000080016a6        0x2 
 .text.MFXSTM32L152_IO_Init
                0x00000000080016a8      0x2d0 ./Drivers/BSP/STM32H7B3I-DK/mfxstm32l152.o
                0x00000000080016a8                MFXSTM32L152_IO_Init
 .text.MFXSTM32L152_IO_InitPin
                0x0000000008001978       0x34 ./Drivers/BSP/STM32H7B3I-DK/mfxstm32l152.o
                0x0000000008001978                MFXSTM32L152_IO_InitPin
 .text.MFXSTM32L152_IO_SetIrqEvtMode
                0x00000000080019ac       0x34 ./Drivers/BSP/STM32H7B3I-DK/mfxstm32l152.o
                0x00000000080019ac                MFXSTM32L152_IO_SetIrqEvtMode
 .text.MFXSTM32L152_IO_SetIrqTypeMode
                0x00000000080019e0       0x34 ./Drivers/BSP/STM32H7B3I-DK/mfxstm32l152.o
                0x00000000080019e0                MFXSTM32L152_IO_SetIrqTypeMode
 .text.MFXSTM32L152_IO_WritePin
                0x0000000008001a14       0x54 ./Drivers/BSP/STM32H7B3I-DK/mfxstm32l152.o
                0x0000000008001a14                MFXSTM32L152_IO_WritePin
 .text.MFXSTM32L152_IO_ReadPin
                0x0000000008001a68       0x8c ./Drivers/BSP/STM32H7B3I-DK/mfxstm32l152.o
                0x0000000008001a68                MFXSTM32L152_IO_ReadPin
 .text.MFXSTM32L152_IO_EnableIT
                0x0000000008001af4       0x2a ./Drivers/BSP/STM32H7B3I-DK/mfxstm32l152.o
                0x0000000008001af4                MFXSTM32L152_IO_EnableIT
 .text.MFXSTM32L152_IO_DisableIT
                0x0000000008001b1e       0x2a ./Drivers/BSP/STM32H7B3I-DK/mfxstm32l152.o
                0x0000000008001b1e                MFXSTM32L152_IO_DisableIT
 .text.MFXSTM32L152_IO_EnablePinIT
                0x0000000008001b48       0x30 ./Drivers/BSP/STM32H7B3I-DK/mfxstm32l152.o
                0x0000000008001b48                MFXSTM32L152_IO_EnablePinIT
 .text.MFXSTM32L152_IO_DisablePinIT
                0x0000000008001b78       0x30 ./Drivers/BSP/STM32H7B3I-DK/mfxstm32l152.o
                0x0000000008001b78                MFXSTM32L152_IO_DisablePinIT
 .text.MFXSTM32L152_IO_ITStatus
                0x0000000008001ba8       0x8c ./Drivers/BSP/STM32H7B3I-DK/mfxstm32l152.o
                0x0000000008001ba8                MFXSTM32L152_IO_ITStatus
 .text.MFXSTM32L152_IO_ClearIT
                0x0000000008001c34       0x9a ./Drivers/BSP/STM32H7B3I-DK/mfxstm32l152.o
                0x0000000008001c34                MFXSTM32L152_IO_ClearIT
 *fill*         0x0000000008001cce        0x2 
 .text.MFXSTM32L152_RegisterBusIO
                0x0000000008001cd0       0x84 ./Drivers/BSP/STM32H7B3I-DK/mfxstm32l152.o
                0x0000000008001cd0                MFXSTM32L152_RegisterBusIO
 .text.MFXSTM32L152_reg24_setPinValue
                0x0000000008001d54      0x17a ./Drivers/BSP/STM32H7B3I-DK/mfxstm32l152.o
 .text.MFXSTM32L152_ReadRegWrap
                0x0000000008001ece       0x32 ./Drivers/BSP/STM32H7B3I-DK/mfxstm32l152.o
 .text.MFXSTM32L152_WriteRegWrap
                0x0000000008001f00       0x32 ./Drivers/BSP/STM32H7B3I-DK/mfxstm32l152.o
 .text.mfxstm32l152_read_reg
                0x0000000008001f32       0x2e ./Drivers/BSP/STM32H7B3I-DK/mfxstm32l152_reg.o
                0x0000000008001f32                mfxstm32l152_read_reg
 .text.mfxstm32l152_write_reg
                0x0000000008001f60       0x2e ./Drivers/BSP/STM32H7B3I-DK/mfxstm32l152_reg.o
                0x0000000008001f60                mfxstm32l152_write_reg
 *fill*         0x0000000008001f8e        0x2 
 .text.OV5640_RegisterBusIO
                0x0000000008001f90       0x84 ./Drivers/BSP/STM32H7B3I-DK/ov5640.o
                0x0000000008001f90                OV5640_RegisterBusIO
 .text.OV5640_Init
                0x0000000008002014       0xf4 ./Drivers/BSP/STM32H7B3I-DK/ov5640.o
                0x0000000008002014                OV5640_Init
 .text.OV5640_DeInit
                0x0000000008002108       0x28 ./Drivers/BSP/STM32H7B3I-DK/ov5640.o
                0x0000000008002108                OV5640_DeInit
 .text.OV5640_SetPixelFormat
                0x0000000008002130      0x328 ./Drivers/BSP/STM32H7B3I-DK/ov5640.o
                0x0000000008002130                OV5640_SetPixelFormat
 .text.OV5640_GetPixelFormat
                0x0000000008002458       0x1a ./Drivers/BSP/STM32H7B3I-DK/ov5640.o
                0x0000000008002458                OV5640_GetPixelFormat
 *fill*         0x0000000008002472        0x2 
 .text.OV5640_SetResolution
                0x0000000008002474      0x1ec ./Drivers/BSP/STM32H7B3I-DK/ov5640.o
                0x0000000008002474                OV5640_SetResolution
 .text.OV5640_GetResolution
                0x0000000008002660      0x14c ./Drivers/BSP/STM32H7B3I-DK/ov5640.o
                0x0000000008002660                OV5640_GetResolution
 .text.OV5640_SetPolarities
                0x00000000080027ac       0x8c ./Drivers/BSP/STM32H7B3I-DK/ov5640.o
                0x00000000080027ac                OV5640_SetPolarities
 .text.OV5640_ReadID
                0x0000000008002838       0xa6 ./Drivers/BSP/STM32H7B3I-DK/ov5640.o
                0x0000000008002838                OV5640_ReadID
 .text.OV5640_GetCapabilities
                0x00000000080028de       0x66 ./Drivers/BSP/STM32H7B3I-DK/ov5640.o
                0x00000000080028de                OV5640_GetCapabilities
 .text.OV5640_SetLightMode
                0x0000000008002944      0x264 ./Drivers/BSP/STM32H7B3I-DK/ov5640.o
                0x0000000008002944                OV5640_SetLightMode
 .text.OV5640_SetColorEffect
                0x0000000008002ba8      0x400 ./Drivers/BSP/STM32H7B3I-DK/ov5640.o
                0x0000000008002ba8                OV5640_SetColorEffect
 .text.OV5640_SetBrightness
                0x0000000008002fa8       0xe0 ./Drivers/BSP/STM32H7B3I-DK/ov5640.o
                0x0000000008002fa8                OV5640_SetBrightness
 .text.OV5640_SetSaturation
                0x0000000008003088       0xd0 ./Drivers/BSP/STM32H7B3I-DK/ov5640.o
                0x0000000008003088                OV5640_SetSaturation
 .text.OV5640_SetContrast
                0x0000000008003158       0xd0 ./Drivers/BSP/STM32H7B3I-DK/ov5640.o
                0x0000000008003158                OV5640_SetContrast
 .text.OV5640_SetHueDegree
                0x0000000008003228      0x108 ./Drivers/BSP/STM32H7B3I-DK/ov5640.o
                0x0000000008003228                OV5640_SetHueDegree
 .text.OV5640_MirrorFlipConfig
                0x0000000008003330      0x1d2 ./Drivers/BSP/STM32H7B3I-DK/ov5640.o
                0x0000000008003330                OV5640_MirrorFlipConfig
 .text.OV5640_ZoomConfig
                0x0000000008003502       0xd0 ./Drivers/BSP/STM32H7B3I-DK/ov5640.o
                0x0000000008003502                OV5640_ZoomConfig
 .text.OV5640_NightModeConfig
                0x00000000080035d2      0x20c ./Drivers/BSP/STM32H7B3I-DK/ov5640.o
                0x00000000080035d2                OV5640_NightModeConfig
 .text.OV5640_Delay
                0x00000000080037de       0x34 ./Drivers/BSP/STM32H7B3I-DK/ov5640.o
 .text.OV5640_ReadRegWrap
                0x0000000008003812       0x32 ./Drivers/BSP/STM32H7B3I-DK/ov5640.o
 .text.OV5640_WriteRegWrap
                0x0000000008003844       0x32 ./Drivers/BSP/STM32H7B3I-DK/ov5640.o
 .text.ov5640_read_reg
                0x0000000008003876       0x2e ./Drivers/BSP/STM32H7B3I-DK/ov5640_reg.o
                0x0000000008003876                ov5640_read_reg
 .text.ov5640_write_reg
                0x00000000080038a4       0x2e ./Drivers/BSP/STM32H7B3I-DK/ov5640_reg.o
                0x00000000080038a4                ov5640_write_reg
 *fill*         0x00000000080038d2        0x2 
 .text.BSP_I2C2_Init
                0x00000000080038d4       0x74 ./Drivers/BSP/STM32H7B3I-DK/stm32h7b3i_eval_bus.o
                0x00000000080038d4                BSP_I2C2_Init
 .text.BSP_I2C2_DeInit
                0x0000000008003948       0x48 ./Drivers/BSP/STM32H7B3I-DK/stm32h7b3i_eval_bus.o
                0x0000000008003948                BSP_I2C2_DeInit
 .text.MX_I2C2_Init
                0x0000000008003990       0x84 ./Drivers/BSP/STM32H7B3I-DK/stm32h7b3i_eval_bus.o
                0x0000000008003990                MX_I2C2_Init
 .text.BSP_I2C2_WriteReg
                0x0000000008003a14       0x5c ./Drivers/BSP/STM32H7B3I-DK/stm32h7b3i_eval_bus.o
                0x0000000008003a14                BSP_I2C2_WriteReg
 .text.BSP_I2C2_ReadReg
                0x0000000008003a70       0x5c ./Drivers/BSP/STM32H7B3I-DK/stm32h7b3i_eval_bus.o
                0x0000000008003a70                BSP_I2C2_ReadReg
 .text.BSP_I2C2_WriteReg16
                0x0000000008003acc       0x5c ./Drivers/BSP/STM32H7B3I-DK/stm32h7b3i_eval_bus.o
                0x0000000008003acc                BSP_I2C2_WriteReg16
 .text.BSP_I2C2_ReadReg16
                0x0000000008003b28       0x5c ./Drivers/BSP/STM32H7B3I-DK/stm32h7b3i_eval_bus.o
                0x0000000008003b28                BSP_I2C2_ReadReg16
 .text.BSP_GetTick
                0x0000000008003b84        0xe ./Drivers/BSP/STM32H7B3I-DK/stm32h7b3i_eval_bus.o
                0x0000000008003b84                BSP_GetTick
 *fill*         0x0000000008003b92        0x2 
 .text.I2C_GetTiming
                0x0000000008003b94      0x100 ./Drivers/BSP/STM32H7B3I-DK/stm32h7b3i_eval_bus.o
 .text.I2C_Compute_PRESC_SCLDEL_SDADEL
                0x0000000008003c94      0x1dc ./Drivers/BSP/STM32H7B3I-DK/stm32h7b3i_eval_bus.o
 .text.I2C_Compute_SCLL_SCLH
                0x0000000008003e70      0x210 ./Drivers/BSP/STM32H7B3I-DK/stm32h7b3i_eval_bus.o
 .text.I2C2_MspInit
                0x0000000008004080       0xd4 ./Drivers/BSP/STM32H7B3I-DK/stm32h7b3i_eval_bus.o
 .text.I2C2_MspDeInit
                0x0000000008004154       0x44 ./Drivers/BSP/STM32H7B3I-DK/stm32h7b3i_eval_bus.o
 .text.I2C2_WriteReg
                0x0000000008004198       0x4c ./Drivers/BSP/STM32H7B3I-DK/stm32h7b3i_eval_bus.o
 .text.I2C2_ReadReg
                0x00000000080041e4       0x4c ./Drivers/BSP/STM32H7B3I-DK/stm32h7b3i_eval_bus.o
 .text.BSP_CAMERA_Init
                0x0000000008004230       0xdc ./Drivers/BSP/STM32H7B3I-DK/stm32h7b3i_eval_camera.o
                0x0000000008004230                BSP_CAMERA_Init
 .text.MX_DCMI_Init
                0x000000000800430c       0x50 ./Drivers/BSP/STM32H7B3I-DK/stm32h7b3i_eval_camera.o
                0x000000000800430c                MX_DCMI_Init
 .text.BSP_CAMERA_Start
                0x000000000800435c       0x74 ./Drivers/BSP/STM32H7B3I-DK/stm32h7b3i_eval_camera.o
                0x000000000800435c                BSP_CAMERA_Start
 .text.BSP_CAMERA_Stop
                0x00000000080043d0       0x3c ./Drivers/BSP/STM32H7B3I-DK/stm32h7b3i_eval_camera.o
                0x00000000080043d0                BSP_CAMERA_Stop
 .text.BSP_CAMERA_HwReset
                0x000000000800440c       0xbc ./Drivers/BSP/STM32H7B3I-DK/stm32h7b3i_eval_camera.o
                0x000000000800440c                BSP_CAMERA_HwReset
 .text.BSP_CAMERA_PwrDown
                0x00000000080044c8       0x78 ./Drivers/BSP/STM32H7B3I-DK/stm32h7b3i_eval_camera.o
                0x00000000080044c8                BSP_CAMERA_PwrDown
 .text.BSP_CAMERA_ErrorCallback
                0x0000000008004540       0x14 ./Drivers/BSP/STM32H7B3I-DK/stm32h7b3i_eval_camera.o
                0x0000000008004540                BSP_CAMERA_ErrorCallback
 .text.HAL_DCMI_ErrorCallback
                0x0000000008004554       0x16 ./Drivers/BSP/STM32H7B3I-DK/stm32h7b3i_eval_camera.o
                0x0000000008004554                HAL_DCMI_ErrorCallback
 *fill*         0x000000000800456a        0x2 
 .text.GetSize  0x000000000800456c       0xa4 ./Drivers/BSP/STM32H7B3I-DK/stm32h7b3i_eval_camera.o
 .text.DCMI_MspInit
                0x0000000008004610      0x228 ./Drivers/BSP/STM32H7B3I-DK/stm32h7b3i_eval_camera.o
 .text.OV5640_Probe
                0x0000000008004838       0xe8 ./Drivers/BSP/STM32H7B3I-DK/stm32h7b3i_eval_camera.o
 .text.BSP_IOEXPANDER_Init
                0x0000000008004920       0x74 ./Drivers/BSP/STM32H7B3I-DK/stm32h7b3i_eval_io.o
                0x0000000008004920                BSP_IOEXPANDER_Init
 .text.BSP_IO_Init
                0x0000000008004994       0xc0 ./Drivers/BSP/STM32H7B3I-DK/stm32h7b3i_eval_io.o
                0x0000000008004994                BSP_IO_Init
 .text.BSP_IO_WritePin
                0x0000000008004a54       0x64 ./Drivers/BSP/STM32H7B3I-DK/stm32h7b3i_eval_io.o
                0x0000000008004a54                BSP_IO_WritePin
 .text.BSP_IO_ReadPin
                0x0000000008004ab8       0x4c ./Drivers/BSP/STM32H7B3I-DK/stm32h7b3i_eval_io.o
                0x0000000008004ab8                BSP_IO_ReadPin
 .text.BSP_IOEXPANDER_ITConfig
                0x0000000008004b04       0xb0 ./Drivers/BSP/STM32H7B3I-DK/stm32h7b3i_eval_io.o
                0x0000000008004b04                BSP_IOEXPANDER_ITConfig
 .text.BSP_IO_Callback
                0x0000000008004bb4       0x14 ./Drivers/BSP/STM32H7B3I-DK/stm32h7b3i_eval_io.o
                0x0000000008004bb4                BSP_IO_Callback
 .text.MFXSTM32L152_Probe
                0x0000000008004bc8       0xc8 ./Drivers/BSP/STM32H7B3I-DK/stm32h7b3i_eval_io.o
 .text.IO_EXTI_Callback
                0x0000000008004c90        0xe ./Drivers/BSP/STM32H7B3I-DK/stm32h7b3i_eval_io.o
 *fill*         0x0000000008004c9e        0x2 
 .text.HAL_Init
                0x0000000008004ca0       0x78 ./Drivers/STM32H7xx_HAL_Driver/Src/stm32h7xx_hal.o
                0x0000000008004ca0                HAL_Init
 .text.HAL_MspInit
                0x0000000008004d18        0xe ./Drivers/STM32H7xx_HAL_Driver/Src/stm32h7xx_hal.o
                0x0000000008004d18                HAL_MspInit
 *fill*         0x0000000008004d26        0x2 
 .text.HAL_InitTick
                0x0000000008004d28       0x6c ./Drivers/STM32H7xx_HAL_Driver/Src/stm32h7xx_hal.o
                0x0000000008004d28                HAL_InitTick
 .text.HAL_GetTick
                0x0000000008004d94       0x18 ./Drivers/STM32H7xx_HAL_Driver/Src/stm32h7xx_hal.o
                0x0000000008004d94                HAL_GetTick
 .text.HAL_Delay
                0x0000000008004dac       0x48 ./Drivers/STM32H7xx_HAL_Driver/Src/stm32h7xx_hal.o
                0x0000000008004dac                HAL_Delay
 .text.__NVIC_SetPriorityGrouping
                0x0000000008004df4       0x48 ./Drivers/STM32H7xx_HAL_Driver/Src/stm32h7xx_hal_cortex.o
 .text.__NVIC_GetPriorityGrouping
                0x0000000008004e3c       0x1c ./Drivers/STM32H7xx_HAL_Driver/Src/stm32h7xx_hal_cortex.o
 .text.__NVIC_EnableIRQ
                0x0000000008004e58       0x3c ./Drivers/STM32H7xx_HAL_Driver/Src/stm32h7xx_hal_cortex.o
 .text.__NVIC_SetPriority
                0x0000000008004e94       0x54 ./Drivers/STM32H7xx_HAL_Driver/Src/stm32h7xx_hal_cortex.o
 .text.NVIC_EncodePriority
                0x0000000008004ee8       0x66 ./Drivers/STM32H7xx_HAL_Driver/Src/stm32h7xx_hal_cortex.o
 *fill*         0x0000000008004f4e        0x2 
 .text.SysTick_Config
                0x0000000008004f50       0x44 ./Drivers/STM32H7xx_HAL_Driver/Src/stm32h7xx_hal_cortex.o
 .text.HAL_NVIC_SetPriorityGrouping
                0x0000000008004f94       0x16 ./Drivers/STM32H7xx_HAL_Driver/Src/stm32h7xx_hal_cortex.o
                0x0000000008004f94                HAL_NVIC_SetPriorityGrouping
 .text.HAL_NVIC_SetPriority
                0x0000000008004faa       0x34 ./Drivers/STM32H7xx_HAL_Driver/Src/stm32h7xx_hal_cortex.o
                0x0000000008004faa                HAL_NVIC_SetPriority
 .text.HAL_NVIC_EnableIRQ
                0x0000000008004fde       0x1c ./Drivers/STM32H7xx_HAL_Driver/Src/stm32h7xx_hal_cortex.o
                0x0000000008004fde                HAL_NVIC_EnableIRQ
 .text.HAL_SYSTICK_Config
                0x0000000008004ffa       0x18 ./Drivers/STM32H7xx_HAL_Driver/Src/stm32h7xx_hal_cortex.o
                0x0000000008004ffa                HAL_SYSTICK_Config
 *fill*         0x0000000008005012        0x2 
 .text.HAL_DCMI_Init
                0x0000000008005014       0xf4 ./Drivers/STM32H7xx_HAL_Driver/Src/stm32h7xx_hal_dcmi.o
                0x0000000008005014                HAL_DCMI_Init
 .text.HAL_DCMI_MspInit
                0x0000000008005108       0x14 ./Drivers/STM32H7xx_HAL_Driver/Src/stm32h7xx_hal_dcmi.o
                0x0000000008005108                HAL_DCMI_MspInit
 .text.HAL_DCMI_Start_DMA
                0x000000000800511c      0x184 ./Drivers/STM32H7xx_HAL_Driver/Src/stm32h7xx_hal_dcmi.o
                0x000000000800511c                HAL_DCMI_Start_DMA
 .text.HAL_DCMI_Stop
                0x00000000080052a0       0xc0 ./Drivers/STM32H7xx_HAL_Driver/Src/stm32h7xx_hal_dcmi.o
                0x00000000080052a0                HAL_DCMI_Stop
 .text.DCMI_DMAXferCplt
                0x0000000008005360      0x126 ./Drivers/STM32H7xx_HAL_Driver/Src/stm32h7xx_hal_dcmi.o
 .text.DCMI_DMAError
                0x0000000008005486       0x3a ./Drivers/STM32H7xx_HAL_Driver/Src/stm32h7xx_hal_dcmi.o
 .text.HAL_DMA_Init
                0x00000000080054c0      0x720 ./Drivers/STM32H7xx_HAL_Driver/Src/stm32h7xx_hal_dma.o
                0x00000000080054c0                HAL_DMA_Init
 .text.HAL_DMA_Start_IT
                0x0000000008005be0      0x4d4 ./Drivers/STM32H7xx_HAL_Driver/Src/stm32h7xx_hal_dma.o
                0x0000000008005be0                HAL_DMA_Start_IT
 .text.HAL_DMA_Abort
                0x00000000080060b4      0x63c ./Drivers/STM32H7xx_HAL_Driver/Src/stm32h7xx_hal_dma.o
                0x00000000080060b4                HAL_DMA_Abort
 .text.DMA_SetConfig
                0x00000000080066f0      0x3c8 ./Drivers/STM32H7xx_HAL_Driver/Src/stm32h7xx_hal_dma.o
 .text.DMA_CalcBaseAndBitshift
                0x0000000008006ab8      0x164 ./Drivers/STM32H7xx_HAL_Driver/Src/stm32h7xx_hal_dma.o
 .text.DMA_CheckFifoParam
                0x0000000008006c1c       0xf8 ./Drivers/STM32H7xx_HAL_Driver/Src/stm32h7xx_hal_dma.o
 .text.DMA_CalcDMAMUXChannelBaseAndMask
                0x0000000008006d14      0x134 ./Drivers/STM32H7xx_HAL_Driver/Src/stm32h7xx_hal_dma.o
 .text.DMA_CalcDMAMUXRequestGenBaseAndMask
                0x0000000008006e48       0xe8 ./Drivers/STM32H7xx_HAL_Driver/Src/stm32h7xx_hal_dma.o
 .text.HAL_DMA2D_Init
                0x0000000008006f30       0xc8 ./Drivers/STM32H7xx_HAL_Driver/Src/stm32h7xx_hal_dma2d.o
                0x0000000008006f30                HAL_DMA2D_Init
 .text.HAL_DMA2D_MspInit
                0x0000000008006ff8       0x14 ./Drivers/STM32H7xx_HAL_Driver/Src/stm32h7xx_hal_dma2d.o
                0x0000000008006ff8                HAL_DMA2D_MspInit
 .text.HAL_DMA2D_ConfigLayer
                0x000000000800700c      0x15c ./Drivers/STM32H7xx_HAL_Driver/Src/stm32h7xx_hal_dma2d.o
                0x000000000800700c                HAL_DMA2D_ConfigLayer
 .text.HAL_DMAEx_MultiBufferStart_IT
                0x0000000008007168      0x6bc ./Drivers/STM32H7xx_HAL_Driver/Src/stm32h7xx_hal_dma_ex.o
                0x0000000008007168                HAL_DMAEx_MultiBufferStart_IT
 .text.HAL_DMAEx_ChangeMemory
                0x0000000008007824      0x138 ./Drivers/STM32H7xx_HAL_Driver/Src/stm32h7xx_hal_dma_ex.o
                0x0000000008007824                HAL_DMAEx_ChangeMemory
 .text.DMA_MultiBufferSetConfig
                0x000000000800795c      0x16c ./Drivers/STM32H7xx_HAL_Driver/Src/stm32h7xx_hal_dma_ex.o
 .text.HAL_EXTI_RegisterCallback
                0x0000000008007ac8       0x3e ./Drivers/STM32H7xx_HAL_Driver/Src/stm32h7xx_hal_exti.o
                0x0000000008007ac8                HAL_EXTI_RegisterCallback
 .text.HAL_EXTI_GetHandle
                0x0000000008007b06       0x28 ./Drivers/STM32H7xx_HAL_Driver/Src/stm32h7xx_hal_exti.o
                0x0000000008007b06                HAL_EXTI_GetHandle
 *fill*         0x0000000008007b2e        0x2 
 .text.HAL_GPIO_Init
                0x0000000008007b30      0x360 ./Drivers/STM32H7xx_HAL_Driver/Src/stm32h7xx_hal_gpio.o
                0x0000000008007b30                HAL_GPIO_Init
 .text.HAL_GPIO_DeInit
                0x0000000008007e90      0x214 ./Drivers/STM32H7xx_HAL_Driver/Src/stm32h7xx_hal_gpio.o
                0x0000000008007e90                HAL_GPIO_DeInit
 .text.HAL_GPIO_WritePin
                0x00000000080080a4       0x32 ./Drivers/STM32H7xx_HAL_Driver/Src/stm32h7xx_hal_gpio.o
                0x00000000080080a4                HAL_GPIO_WritePin
 *fill*         0x00000000080080d6        0x2 
 .text.HAL_I2C_Init
                0x00000000080080d8      0x120 ./Drivers/STM32H7xx_HAL_Driver/Src/stm32h7xx_hal_i2c.o
                0x00000000080080d8                HAL_I2C_Init
 .text.HAL_I2C_DeInit
                0x00000000080081f8       0x5e ./Drivers/STM32H7xx_HAL_Driver/Src/stm32h7xx_hal_i2c.o
                0x00000000080081f8                HAL_I2C_DeInit
 .text.HAL_I2C_MspInit
                0x0000000008008256       0x14 ./Drivers/STM32H7xx_HAL_Driver/Src/stm32h7xx_hal_i2c.o
                0x0000000008008256                HAL_I2C_MspInit
 .text.HAL_I2C_MspDeInit
                0x000000000800826a       0x14 ./Drivers/STM32H7xx_HAL_Driver/Src/stm32h7xx_hal_i2c.o
                0x000000000800826a                HAL_I2C_MspDeInit
 *fill*         0x000000000800827e        0x2 
 .text.HAL_I2C_Mem_Write
                0x0000000008008280      0x228 ./Drivers/STM32H7xx_HAL_Driver/Src/stm32h7xx_hal_i2c.o
                0x0000000008008280                HAL_I2C_Mem_Write
 .text.HAL_I2C_Mem_Read
                0x00000000080084a8      0x234 ./Drivers/STM32H7xx_HAL_Driver/Src/stm32h7xx_hal_i2c.o
                0x00000000080084a8                HAL_I2C_Mem_Read
 .text.HAL_I2C_GetState
                0x00000000080086dc       0x1c ./Drivers/STM32H7xx_HAL_Driver/Src/stm32h7xx_hal_i2c.o
                0x00000000080086dc                HAL_I2C_GetState
 .text.HAL_I2C_GetError
                0x00000000080086f8       0x18 ./Drivers/STM32H7xx_HAL_Driver/Src/stm32h7xx_hal_i2c.o
                0x00000000080086f8                HAL_I2C_GetError
 .text.I2C_RequestMemoryWrite
                0x0000000008008710       0xa8 ./Drivers/STM32H7xx_HAL_Driver/Src/stm32h7xx_hal_i2c.o
 .text.I2C_RequestMemoryRead
                0x00000000080087b8       0xa8 ./Drivers/STM32H7xx_HAL_Driver/Src/stm32h7xx_hal_i2c.o
 .text.I2C_Flush_TXDR
                0x0000000008008860       0x48 ./Drivers/STM32H7xx_HAL_Driver/Src/stm32h7xx_hal_i2c.o
 .text.I2C_WaitOnFlagUntilTimeout
                0x00000000080088a8       0x9e ./Drivers/STM32H7xx_HAL_Driver/Src/stm32h7xx_hal_i2c.o
 .text.I2C_WaitOnTXISFlagUntilTimeout
                0x0000000008008946       0x8e ./Drivers/STM32H7xx_HAL_Driver/Src/stm32h7xx_hal_i2c.o
 .text.I2C_WaitOnSTOPFlagUntilTimeout
                0x00000000080089d4       0x86 ./Drivers/STM32H7xx_HAL_Driver/Src/stm32h7xx_hal_i2c.o
 *fill*         0x0000000008008a5a        0x2 
 .text.I2C_IsErrorOccurred
                0x0000000008008a5c      0x1c0 ./Drivers/STM32H7xx_HAL_Driver/Src/stm32h7xx_hal_i2c.o
 .text.I2C_TransferConfig
                0x0000000008008c1c       0x64 ./Drivers/STM32H7xx_HAL_Driver/Src/stm32h7xx_hal_i2c.o
 .text.HAL_I2CEx_ConfigAnalogFilter
                0x0000000008008c80       0x96 ./Drivers/STM32H7xx_HAL_Driver/Src/stm32h7xx_hal_i2c_ex.o
                0x0000000008008c80                HAL_I2CEx_ConfigAnalogFilter
 .text.HAL_I2CEx_ConfigDigitalFilter
                0x0000000008008d16       0x98 ./Drivers/STM32H7xx_HAL_Driver/Src/stm32h7xx_hal_i2c_ex.o
                0x0000000008008d16                HAL_I2CEx_ConfigDigitalFilter
 *fill*         0x0000000008008dae        0x2 
 .text.HAL_I2S_Init
                0x0000000008008db0      0x260 ./Drivers/STM32H7xx_HAL_Driver/Src/stm32h7xx_hal_i2s.o
                0x0000000008008db0                HAL_I2S_Init
 .text.HAL_I2S_MspInit
                0x0000000008009010       0x14 ./Drivers/STM32H7xx_HAL_Driver/Src/stm32h7xx_hal_i2s.o
                0x0000000008009010                HAL_I2S_MspInit
 .text.HAL_LTDC_Init
                0x0000000008009024      0x1a0 ./Drivers/STM32H7xx_HAL_Driver/Src/stm32h7xx_hal_ltdc.o
                0x0000000008009024                HAL_LTDC_Init
 .text.HAL_LTDC_MspInit
                0x00000000080091c4       0x14 ./Drivers/STM32H7xx_HAL_Driver/Src/stm32h7xx_hal_ltdc.o
                0x00000000080091c4                HAL_LTDC_MspInit
 .text.HAL_LTDC_ConfigLayer
                0x00000000080091d8       0x7c ./Drivers/STM32H7xx_HAL_Driver/Src/stm32h7xx_hal_ltdc.o
                0x00000000080091d8                HAL_LTDC_ConfigLayer
 .text.LTDC_SetConfig
                0x0000000008009254      0x334 ./Drivers/STM32H7xx_HAL_Driver/Src/stm32h7xx_hal_ltdc.o
 .text.HAL_OSPI_Init
                0x0000000008009588      0x178 ./Drivers/STM32H7xx_HAL_Driver/Src/stm32h7xx_hal_ospi.o
                0x0000000008009588                HAL_OSPI_Init
 .text.HAL_OSPI_MspInit
                0x0000000008009700       0x14 ./Drivers/STM32H7xx_HAL_Driver/Src/stm32h7xx_hal_ospi.o
                0x0000000008009700                HAL_OSPI_MspInit
 .text.HAL_OSPI_SetTimeout
                0x0000000008009714       0x1e ./Drivers/STM32H7xx_HAL_Driver/Src/stm32h7xx_hal_ospi.o
                0x0000000008009714                HAL_OSPI_SetTimeout
 *fill*         0x0000000008009732        0x2 
 .text.HAL_OSPIM_Config
                0x0000000008009734      0x9d0 ./Drivers/STM32H7xx_HAL_Driver/Src/stm32h7xx_hal_ospi.o
                0x0000000008009734                HAL_OSPIM_Config
 .text.OSPI_WaitFlagStateUntilTimeout
                0x000000000800a104       0x6e ./Drivers/STM32H7xx_HAL_Driver/Src/stm32h7xx_hal_ospi.o
 *fill*         0x000000000800a172        0x2 
 .text.OSPIM_GetConfig
                0x000000000800a174      0x174 ./Drivers/STM32H7xx_HAL_Driver/Src/stm32h7xx_hal_ospi.o
 .text.HAL_PWR_EnableBkUpAccess
                0x000000000800a2e8       0x20 ./Drivers/STM32H7xx_HAL_Driver/Src/stm32h7xx_hal_pwr.o
                0x000000000800a2e8                HAL_PWR_EnableBkUpAccess
 .text.HAL_PWREx_ConfigSupply
                0x000000000800a308       0xb4 ./Drivers/STM32H7xx_HAL_Driver/Src/stm32h7xx_hal_pwr_ex.o
                0x000000000800a308                HAL_PWREx_ConfigSupply
 .text.HAL_RCC_OscConfig
                0x000000000800a3bc      0x864 ./Drivers/STM32H7xx_HAL_Driver/Src/stm32h7xx_hal_rcc.o
                0x000000000800a3bc                HAL_RCC_OscConfig
 .text.HAL_RCC_ClockConfig
                0x000000000800ac20      0x36c ./Drivers/STM32H7xx_HAL_Driver/Src/stm32h7xx_hal_rcc.o
                0x000000000800ac20                HAL_RCC_ClockConfig
 .text.HAL_RCC_MCOConfig
                0x000000000800af8c       0xd4 ./Drivers/STM32H7xx_HAL_Driver/Src/stm32h7xx_hal_rcc.o
                0x000000000800af8c                HAL_RCC_MCOConfig
 .text.HAL_RCC_GetSysClockFreq
                0x000000000800b060      0x2f4 ./Drivers/STM32H7xx_HAL_Driver/Src/stm32h7xx_hal_rcc.o
                0x000000000800b060                HAL_RCC_GetSysClockFreq
 .text.HAL_RCC_GetHCLKFreq
                0x000000000800b354       0x60 ./Drivers/STM32H7xx_HAL_Driver/Src/stm32h7xx_hal_rcc.o
                0x000000000800b354                HAL_RCC_GetHCLKFreq
 .text.HAL_RCC_GetPCLK1Freq
                0x000000000800b3b4       0x2c ./Drivers/STM32H7xx_HAL_Driver/Src/stm32h7xx_hal_rcc.o
                0x000000000800b3b4                HAL_RCC_GetPCLK1Freq
 .text.HAL_RCC_GetPCLK2Freq
                0x000000000800b3e0       0x2c ./Drivers/STM32H7xx_HAL_Driver/Src/stm32h7xx_hal_rcc.o
                0x000000000800b3e0                HAL_RCC_GetPCLK2Freq
 .text.HAL_RCCEx_PeriphCLKConfig
                0x000000000800b40c     0x137c ./Drivers/STM32H7xx_HAL_Driver/Src/stm32h7xx_hal_rcc_ex.o
                0x000000000800b40c                HAL_RCCEx_PeriphCLKConfig
 .text.HAL_RCCEx_GetPeriphCLKFreq
                0x000000000800c788      0x9b0 ./Drivers/STM32H7xx_HAL_Driver/Src/stm32h7xx_hal_rcc_ex.o
                0x000000000800c788                HAL_RCCEx_GetPeriphCLKFreq
 .text.HAL_RCCEx_GetD3PCLK1Freq
                0x000000000800d138       0x2c ./Drivers/STM32H7xx_HAL_Driver/Src/stm32h7xx_hal_rcc_ex.o
                0x000000000800d138                HAL_RCCEx_GetD3PCLK1Freq
 .text.HAL_RCCEx_GetPLL2ClockFreq
                0x000000000800d164      0x2a8 ./Drivers/STM32H7xx_HAL_Driver/Src/stm32h7xx_hal_rcc_ex.o
                0x000000000800d164                HAL_RCCEx_GetPLL2ClockFreq
 .text.HAL_RCCEx_GetPLL3ClockFreq
                0x000000000800d40c      0x2a8 ./Drivers/STM32H7xx_HAL_Driver/Src/stm32h7xx_hal_rcc_ex.o
                0x000000000800d40c                HAL_RCCEx_GetPLL3ClockFreq
 .text.HAL_RCCEx_GetPLL1ClockFreq
                0x000000000800d6b4      0x2a4 ./Drivers/STM32H7xx_HAL_Driver/Src/stm32h7xx_hal_rcc_ex.o
                0x000000000800d6b4                HAL_RCCEx_GetPLL1ClockFreq
 .text.RCCEx_PLL2_Config
                0x000000000800d958      0x164 ./Drivers/STM32H7xx_HAL_Driver/Src/stm32h7xx_hal_rcc_ex.o
 .text.RCCEx_PLL3_Config
                0x000000000800dabc      0x164 ./Drivers/STM32H7xx_HAL_Driver/Src/stm32h7xx_hal_rcc_ex.o
 .text.HAL_RTC_Init
                0x000000000800dc20      0x10c ./Drivers/STM32H7xx_HAL_Driver/Src/stm32h7xx_hal_rtc.o
                0x000000000800dc20                HAL_RTC_Init
 .text.HAL_RTC_MspInit
                0x000000000800dd2c       0x14 ./Drivers/STM32H7xx_HAL_Driver/Src/stm32h7xx_hal_rtc.o
                0x000000000800dd2c                HAL_RTC_MspInit
 .text.HAL_RTC_WaitForSynchro
                0x000000000800dd40       0x48 ./Drivers/STM32H7xx_HAL_Driver/Src/stm32h7xx_hal_rtc.o
                0x000000000800dd40                HAL_RTC_WaitForSynchro
 .text.RTC_EnterInitMode
                0x000000000800dd88       0x6c ./Drivers/STM32H7xx_HAL_Driver/Src/stm32h7xx_hal_rtc.o
                0x000000000800dd88                RTC_EnterInitMode
 .text.RTC_ExitInitMode
                0x000000000800ddf4       0x7c ./Drivers/STM32H7xx_HAL_Driver/Src/stm32h7xx_hal_rtc.o
                0x000000000800ddf4                RTC_ExitInitMode
 .text.HAL_SD_Init
                0x000000000800de70      0x106 ./Drivers/STM32H7xx_HAL_Driver/Src/stm32h7xx_hal_sd.o
                0x000000000800de70                HAL_SD_Init
 *fill*         0x000000000800df76        0x2 
 .text.HAL_SD_InitCard
                0x000000000800df78      0x138 ./Drivers/STM32H7xx_HAL_Driver/Src/stm32h7xx_hal_sd.o
                0x000000000800df78                HAL_SD_InitCard
 .text.HAL_SD_MspInit
                0x000000000800e0b0       0x14 ./Drivers/STM32H7xx_HAL_Driver/Src/stm32h7xx_hal_sd.o
                0x000000000800e0b0                HAL_SD_MspInit
 .text.HAL_SD_GetCardCSD
                0x000000000800e0c4      0x348 ./Drivers/STM32H7xx_HAL_Driver/Src/stm32h7xx_hal_sd.o
                0x000000000800e0c4                HAL_SD_GetCardCSD
 .text.HAL_SD_GetCardStatus
                0x000000000800e40c      0x17c ./Drivers/STM32H7xx_HAL_Driver/Src/stm32h7xx_hal_sd.o
                0x000000000800e40c                HAL_SD_GetCardStatus
 .text.HAL_SD_ConfigWideBusOperation
                0x000000000800e588      0x224 ./Drivers/STM32H7xx_HAL_Driver/Src/stm32h7xx_hal_sd.o
                0x000000000800e588                HAL_SD_ConfigWideBusOperation
 .text.HAL_SD_GetCardState
                0x000000000800e7ac       0x40 ./Drivers/STM32H7xx_HAL_Driver/Src/stm32h7xx_hal_sd.o
                0x000000000800e7ac                HAL_SD_GetCardState
 .text.SD_InitCard
                0x000000000800e7ec      0x19c ./Drivers/STM32H7xx_HAL_Driver/Src/stm32h7xx_hal_sd.o
 .text.SD_PowerON
                0x000000000800e988      0x11c ./Drivers/STM32H7xx_HAL_Driver/Src/stm32h7xx_hal_sd.o
 .text.SD_SendSDStatus
                0x000000000800eaa4      0x1a0 ./Drivers/STM32H7xx_HAL_Driver/Src/stm32h7xx_hal_sd.o
 .text.SD_SendStatus
                0x000000000800ec44       0x50 ./Drivers/STM32H7xx_HAL_Driver/Src/stm32h7xx_hal_sd.o
 .text.SD_WideBus_Enable
                0x000000000800ec94       0x96 ./Drivers/STM32H7xx_HAL_Driver/Src/stm32h7xx_hal_sd.o
 .text.SD_WideBus_Disable
                0x000000000800ed2a       0x96 ./Drivers/STM32H7xx_HAL_Driver/Src/stm32h7xx_hal_sd.o
 .text.SD_FindSCR
                0x000000000800edc0      0x1a0 ./Drivers/STM32H7xx_HAL_Driver/Src/stm32h7xx_hal_sd.o
 .text.HAL_SDRAM_Init
                0x000000000800ef60       0x78 ./Drivers/STM32H7xx_HAL_Driver/Src/stm32h7xx_hal_sdram.o
                0x000000000800ef60                HAL_SDRAM_Init
 .text.HAL_SDRAM_MspInit
                0x000000000800efd8       0x14 ./Drivers/STM32H7xx_HAL_Driver/Src/stm32h7xx_hal_sdram.o
                0x000000000800efd8                HAL_SDRAM_MspInit
 .text.HAL_SPI_Init
                0x000000000800efec      0x248 ./Drivers/STM32H7xx_HAL_Driver/Src/stm32h7xx_hal_spi.o
                0x000000000800efec                HAL_SPI_Init
 .text.HAL_SPI_MspInit
                0x000000000800f234       0x14 ./Drivers/STM32H7xx_HAL_Driver/Src/stm32h7xx_hal_spi.o
                0x000000000800f234                HAL_SPI_MspInit
 .text.SPI_GetPacketSize
                0x000000000800f248       0x36 ./Drivers/STM32H7xx_HAL_Driver/Src/stm32h7xx_hal_spi.o
 .text.HAL_UART_Init
                0x000000000800f27e       0xa0 ./Drivers/STM32H7xx_HAL_Driver/Src/stm32h7xx_hal_uart.o
                0x000000000800f27e                HAL_UART_Init
 .text.HAL_UART_MspInit
                0x000000000800f31e       0x14 ./Drivers/STM32H7xx_HAL_Driver/Src/stm32h7xx_hal_uart.o
                0x000000000800f31e                HAL_UART_MspInit
 *fill*         0x000000000800f332        0x2 
 .text.UART_SetConfig
                0x000000000800f334      0xcd8 ./Drivers/STM32H7xx_HAL_Driver/Src/stm32h7xx_hal_uart.o
                0x000000000800f334                UART_SetConfig
 .text.UART_AdvFeatureConfig
                0x000000000801000c      0x144 ./Drivers/STM32H7xx_HAL_Driver/Src/stm32h7xx_hal_uart.o
                0x000000000801000c                UART_AdvFeatureConfig
 .text.UART_CheckIdleState
                0x0000000008010150      0x154 ./Drivers/STM32H7xx_HAL_Driver/Src/stm32h7xx_hal_uart.o
                0x0000000008010150                UART_CheckIdleState
 .text.UART_WaitOnFlagUntilTimeout
                0x00000000080102a4       0xce ./Drivers/STM32H7xx_HAL_Driver/Src/stm32h7xx_hal_uart.o
                0x00000000080102a4                UART_WaitOnFlagUntilTimeout
 *fill*         0x0000000008010372        0x2 
 .text.UART_EndRxTransfer
                0x0000000008010374       0xcc ./Drivers/STM32H7xx_HAL_Driver/Src/stm32h7xx_hal_uart.o
 .text.HAL_UARTEx_DisableFifoMode
                0x0000000008010440       0x72 ./Drivers/STM32H7xx_HAL_Driver/Src/stm32h7xx_hal_uart_ex.o
                0x0000000008010440                HAL_UARTEx_DisableFifoMode
 .text.HAL_UARTEx_SetTxFifoThreshold
                0x00000000080104b2       0x7c ./Drivers/STM32H7xx_HAL_Driver/Src/stm32h7xx_hal_uart_ex.o
                0x00000000080104b2                HAL_UARTEx_SetTxFifoThreshold
 .text.HAL_UARTEx_SetRxFifoThreshold
                0x000000000801052e       0x7c ./Drivers/STM32H7xx_HAL_Driver/Src/stm32h7xx_hal_uart_ex.o
                0x000000000801052e                HAL_UARTEx_SetRxFifoThreshold
 *fill*         0x00000000080105aa        0x2 
 .text.UARTEx_SetNbDataToProcess
                0x00000000080105ac       0x9c ./Drivers/STM32H7xx_HAL_Driver/Src/stm32h7xx_hal_uart_ex.o
 .text.FMC_SDRAM_Init
                0x0000000008010648       0xb8 ./Drivers/STM32H7xx_HAL_Driver/Src/stm32h7xx_ll_fmc.o
                0x0000000008010648                FMC_SDRAM_Init
 .text.FMC_SDRAM_Timing_Init
                0x0000000008010700       0xd4 ./Drivers/STM32H7xx_HAL_Driver/Src/stm32h7xx_ll_fmc.o
                0x0000000008010700                FMC_SDRAM_Timing_Init
 .text.SDMMC_Init
                0x00000000080107d4       0x54 ./Drivers/STM32H7xx_HAL_Driver/Src/stm32h7xx_ll_sdmmc.o
                0x00000000080107d4                SDMMC_Init
 .text.SDMMC_ReadFIFO
                0x0000000008010828       0x1a ./Drivers/STM32H7xx_HAL_Driver/Src/stm32h7xx_ll_sdmmc.o
                0x0000000008010828                SDMMC_ReadFIFO
 .text.SDMMC_PowerState_ON
                0x0000000008010842       0x22 ./Drivers/STM32H7xx_HAL_Driver/Src/stm32h7xx_ll_sdmmc.o
                0x0000000008010842                SDMMC_PowerState_ON
 .text.SDMMC_GetPowerState
                0x0000000008010864       0x1c ./Drivers/STM32H7xx_HAL_Driver/Src/stm32h7xx_ll_sdmmc.o
                0x0000000008010864                SDMMC_GetPowerState
 .text.SDMMC_SendCommand
                0x0000000008010880       0x54 ./Drivers/STM32H7xx_HAL_Driver/Src/stm32h7xx_ll_sdmmc.o
                0x0000000008010880                SDMMC_SendCommand
 .text.SDMMC_GetCommandResponse
                0x00000000080108d4       0x1a ./Drivers/STM32H7xx_HAL_Driver/Src/stm32h7xx_ll_sdmmc.o
                0x00000000080108d4                SDMMC_GetCommandResponse
 .text.SDMMC_GetResponse
                0x00000000080108ee       0x26 ./Drivers/STM32H7xx_HAL_Driver/Src/stm32h7xx_ll_sdmmc.o
                0x00000000080108ee                SDMMC_GetResponse
 .text.SDMMC_ConfigData
                0x0000000008010914       0x58 ./Drivers/STM32H7xx_HAL_Driver/Src/stm32h7xx_ll_sdmmc.o
                0x0000000008010914                SDMMC_ConfigData
 .text.SDMMC_CmdBlockLength
                0x000000000801096c       0x46 ./Drivers/STM32H7xx_HAL_Driver/Src/stm32h7xx_ll_sdmmc.o
                0x000000000801096c                SDMMC_CmdBlockLength
 .text.SDMMC_CmdSelDesel
                0x00000000080109b2       0x46 ./Drivers/STM32H7xx_HAL_Driver/Src/stm32h7xx_ll_sdmmc.o
                0x00000000080109b2                SDMMC_CmdSelDesel
 .text.SDMMC_CmdGoIdleState
                0x00000000080109f8       0x3c ./Drivers/STM32H7xx_HAL_Driver/Src/stm32h7xx_ll_sdmmc.o
                0x00000000080109f8                SDMMC_CmdGoIdleState
 .text.SDMMC_CmdOperCond
                0x0000000008010a34       0x40 ./Drivers/STM32H7xx_HAL_Driver/Src/stm32h7xx_ll_sdmmc.o
                0x0000000008010a34                SDMMC_CmdOperCond
 .text.SDMMC_CmdAppCommand
                0x0000000008010a74       0x46 ./Drivers/STM32H7xx_HAL_Driver/Src/stm32h7xx_ll_sdmmc.o
                0x0000000008010a74                SDMMC_CmdAppCommand
 .text.SDMMC_CmdAppOperCommand
                0x0000000008010aba       0x40 ./Drivers/STM32H7xx_HAL_Driver/Src/stm32h7xx_ll_sdmmc.o
                0x0000000008010aba                SDMMC_CmdAppOperCommand
 .text.SDMMC_CmdBusWidth
                0x0000000008010afa       0x46 ./Drivers/STM32H7xx_HAL_Driver/Src/stm32h7xx_ll_sdmmc.o
                0x0000000008010afa                SDMMC_CmdBusWidth
 .text.SDMMC_CmdSendSCR
                0x0000000008010b40       0x44 ./Drivers/STM32H7xx_HAL_Driver/Src/stm32h7xx_ll_sdmmc.o
                0x0000000008010b40                SDMMC_CmdSendSCR
 .text.SDMMC_CmdSendCID
                0x0000000008010b84       0x3e ./Drivers/STM32H7xx_HAL_Driver/Src/stm32h7xx_ll_sdmmc.o
                0x0000000008010b84                SDMMC_CmdSendCID
 .text.SDMMC_CmdSendCSD
                0x0000000008010bc2       0x40 ./Drivers/STM32H7xx_HAL_Driver/Src/stm32h7xx_ll_sdmmc.o
                0x0000000008010bc2                SDMMC_CmdSendCSD
 .text.SDMMC_CmdSetRelAdd
                0x0000000008010c02       0x44 ./Drivers/STM32H7xx_HAL_Driver/Src/stm32h7xx_ll_sdmmc.o
                0x0000000008010c02                SDMMC_CmdSetRelAdd
 .text.SDMMC_CmdSendStatus
                0x0000000008010c46       0x46 ./Drivers/STM32H7xx_HAL_Driver/Src/stm32h7xx_ll_sdmmc.o
                0x0000000008010c46                SDMMC_CmdSendStatus
 .text.SDMMC_CmdStatusRegister
                0x0000000008010c8c       0x44 ./Drivers/STM32H7xx_HAL_Driver/Src/stm32h7xx_ll_sdmmc.o
                0x0000000008010c8c                SDMMC_CmdStatusRegister
 .text.SDMMC_GetCmdResp1
                0x0000000008010cd0      0x1e4 ./Drivers/STM32H7xx_HAL_Driver/Src/stm32h7xx_ll_sdmmc.o
                0x0000000008010cd0                SDMMC_GetCmdResp1
 .text.SDMMC_GetCmdResp2
                0x0000000008010eb4       0x94 ./Drivers/STM32H7xx_HAL_Driver/Src/stm32h7xx_ll_sdmmc.o
                0x0000000008010eb4                SDMMC_GetCmdResp2
 .text.SDMMC_GetCmdResp3
                0x0000000008010f48       0x80 ./Drivers/STM32H7xx_HAL_Driver/Src/stm32h7xx_ll_sdmmc.o
                0x0000000008010f48                SDMMC_GetCmdResp3
 .text.SDMMC_GetCmdResp6
                0x0000000008010fc8       0xf0 ./Drivers/STM32H7xx_HAL_Driver/Src/stm32h7xx_ll_sdmmc.o
                0x0000000008010fc8                SDMMC_GetCmdResp6
 .text.SDMMC_GetCmdResp7
                0x00000000080110b8       0x9c ./Drivers/STM32H7xx_HAL_Driver/Src/stm32h7xx_ll_sdmmc.o
                0x00000000080110b8                SDMMC_GetCmdResp7
 .text.SDMMC_GetCmdError
                0x0000000008011154       0x5c ./Drivers/STM32H7xx_HAL_Driver/Src/stm32h7xx_ll_sdmmc.o
 .text.__libc_init_array
                0x00000000080111b0       0x48 c:/program files/stmicroelectronics/stm32cubeide/plugins/com.st.stm32cube.ide.mcu.externaltools.gnu-tools-for-stm32.10.3-2021.10.win32_1.0.100.202210260954/tools/bin/../lib/gcc/arm-none-eabi/10.3.1/../../../../arm-none-eabi/lib/thumb/v7e-m+dp/hard\libc_nano.a(lib_a-init.o)
                0x00000000080111b0                __libc_init_array
 .text.memset   0x00000000080111f8       0x10 c:/program files/stmicroelectronics/stm32cubeide/plugins/com.st.stm32cube.ide.mcu.externaltools.gnu-tools-for-stm32.10.3-2021.10.win32_1.0.100.202210260954/tools/bin/../lib/gcc/arm-none-eabi/10.3.1/../../../../arm-none-eabi/lib/thumb/v7e-m+dp/hard\libc_nano.a(lib_a-memset.o)
                0x00000000080111f8                memset
 *(.glue_7)
 .glue_7        0x0000000008011208        0x0 linker stubs
 *(.glue_7t)
 .glue_7t       0x0000000008011208        0x0 linker stubs
 *(.eh_frame)
 .eh_frame      0x0000000008011208        0x0 c:/program files/stmicroelectronics/stm32cubeide/plugins/com.st.stm32cube.ide.mcu.externaltools.gnu-tools-for-stm32.10.3-2021.10.win32_1.0.100.202210260954/tools/bin/../lib/gcc/arm-none-eabi/10.3.1/thumb/v7e-m+dp/hard/crtbegin.o
 *(.init)
 .init          0x0000000008011208        0x4 c:/program files/stmicroelectronics/stm32cubeide/plugins/com.st.stm32cube.ide.mcu.externaltools.gnu-tools-for-stm32.10.3-2021.10.win32_1.0.100.202210260954/tools/bin/../lib/gcc/arm-none-eabi/10.3.1/thumb/v7e-m+dp/hard/crti.o
                0x0000000008011208                _init
 .init          0x000000000801120c        0x8 c:/program files/stmicroelectronics/stm32cubeide/plugins/com.st.stm32cube.ide.mcu.externaltools.gnu-tools-for-stm32.10.3-2021.10.win32_1.0.100.202210260954/tools/bin/../lib/gcc/arm-none-eabi/10.3.1/thumb/v7e-m+dp/hard/crtn.o
 *(.fini)
 .fini          0x0000000008011214        0x4 c:/program files/stmicroelectronics/stm32cubeide/plugins/com.st.stm32cube.ide.mcu.externaltools.gnu-tools-for-stm32.10.3-2021.10.win32_1.0.100.202210260954/tools/bin/../lib/gcc/arm-none-eabi/10.3.1/thumb/v7e-m+dp/hard/crti.o
                0x0000000008011214                _fini
 .fini          0x0000000008011218        0x8 c:/program files/stmicroelectronics/stm32cubeide/plugins/com.st.stm32cube.ide.mcu.externaltools.gnu-tools-for-stm32.10.3-2021.10.win32_1.0.100.202210260954/tools/bin/../lib/gcc/arm-none-eabi/10.3.1/thumb/v7e-m+dp/hard/crtn.o
                0x0000000008011220                . = ALIGN (0x4)
                0x0000000008011220                _etext = .

.vfp11_veneer   0x0000000008011220        0x0
 .vfp11_veneer  0x0000000008011220        0x0 linker stubs

.v4_bx          0x0000000008011220        0x0
 .v4_bx         0x0000000008011220        0x0 linker stubs

.iplt           0x0000000008011220        0x0
 .iplt          0x0000000008011220        0x0 c:/program files/stmicroelectronics/stm32cubeide/plugins/com.st.stm32cube.ide.mcu.externaltools.gnu-tools-for-stm32.10.3-2021.10.win32_1.0.100.202210260954/tools/bin/../lib/gcc/arm-none-eabi/10.3.1/thumb/v7e-m+dp/hard/crtbegin.o

.rodata         0x0000000008011220      0x608
                0x0000000008011220                . = ALIGN (0x4)
 *(.rodata)
 .rodata        0x0000000008011220       0x48 ./Drivers/BSP/STM32H7B3I-DK/ov5640.o
 *(.rodata*)
 .rodata.D1CorePrescTable
                0x0000000008011268       0x10 ./Core/Src/system_stm32h7xx.o
                0x0000000008011268                D1CorePrescTable
 .rodata.OV5640_Common.15
                0x0000000008011278      0x3f8 ./Drivers/BSP/STM32H7B3I-DK/ov5640.o
 .rodata.OV5640_PF_YUV422.14
                0x0000000008011670        0x8 ./Drivers/BSP/STM32H7B3I-DK/ov5640.o
 .rodata.OV5640_PF_RGB888.13
                0x0000000008011678        0x8 ./Drivers/BSP/STM32H7B3I-DK/ov5640.o
 .rodata.OV5640_PF_Y8.12
                0x0000000008011680        0x8 ./Drivers/BSP/STM32H7B3I-DK/ov5640.o
 .rodata.OV5640_PF_JPEG.11
                0x0000000008011688        0x8 ./Drivers/BSP/STM32H7B3I-DK/ov5640.o
 .rodata.OV5640_PF_RGB565.10
                0x0000000008011690        0x8 ./Drivers/BSP/STM32H7B3I-DK/ov5640.o
 .rodata.OV5640_QQVGA.9
                0x0000000008011698       0x10 ./Drivers/BSP/STM32H7B3I-DK/ov5640.o
 .rodata.OV5640_QVGA.8
                0x00000000080116a8       0x10 ./Drivers/BSP/STM32H7B3I-DK/ov5640.o
 .rodata.OV5640_480x272.7
                0x00000000080116b8       0x10 ./Drivers/BSP/STM32H7B3I-DK/ov5640.o
 .rodata.OV5640_VGA.6
                0x00000000080116c8       0x10 ./Drivers/BSP/STM32H7B3I-DK/ov5640.o
 .rodata.OV5640_WVGA.5
                0x00000000080116d8       0x10 ./Drivers/BSP/STM32H7B3I-DK/ov5640.o
 .rodata.OV5640_LightModeSunny.4
                0x00000000080116e8       0x1c ./Drivers/BSP/STM32H7B3I-DK/ov5640.o
 .rodata.OV5640_LightModeOffice.3
                0x0000000008011704       0x1c ./Drivers/BSP/STM32H7B3I-DK/ov5640.o
 .rodata.OV5640_LightModeCloudy.2
                0x0000000008011720       0x1c ./Drivers/BSP/STM32H7B3I-DK/ov5640.o
 .rodata.OV5640_LightModeHome.1
                0x000000000801173c       0x1c ./Drivers/BSP/STM32H7B3I-DK/ov5640.o
 .rodata.OV5640_LightModeAuto.0
                0x0000000008011758       0x1c ./Drivers/BSP/STM32H7B3I-DK/ov5640.o
 .rodata.I2C_Charac
                0x0000000008011774       0x84 ./Drivers/BSP/STM32H7B3I-DK/stm32h7b3i_eval_bus.o
 .rodata.flagBitshiftOffset.0
                0x00000000080117f8        0x8 ./Drivers/STM32H7xx_HAL_Driver/Src/stm32h7xx_hal_dma.o
 .rodata.UARTPrescTable
                0x0000000008011800       0x18 ./Drivers/STM32H7xx_HAL_Driver/Src/stm32h7xx_hal_uart.o
                0x0000000008011800                UARTPrescTable
 .rodata.numerator.1
                0x0000000008011818        0x8 ./Drivers/STM32H7xx_HAL_Driver/Src/stm32h7xx_hal_uart_ex.o
 .rodata.denominator.0
                0x0000000008011820        0x8 ./Drivers/STM32H7xx_HAL_Driver/Src/stm32h7xx_hal_uart_ex.o
                0x0000000008011828                . = ALIGN (0x4)

.ARM.extab
 *(.ARM.extab* .gnu.linkonce.armextab.*)

.ARM            0x0000000008011828        0x8
                0x0000000008011828                __exidx_start = .
 *(.ARM.exidx*)
 .ARM.exidx     0x0000000008011828        0x8 c:/program files/stmicroelectronics/stm32cubeide/plugins/com.st.stm32cube.ide.mcu.externaltools.gnu-tools-for-stm32.10.3-2021.10.win32_1.0.100.202210260954/tools/bin/../lib/gcc/arm-none-eabi/10.3.1/thumb/v7e-m+dp/hard\libgcc.a(_udivmoddi4.o)
                0x0000000008011830                __exidx_end = .

.rel.dyn        0x0000000008011830        0x0
 .rel.iplt      0x0000000008011830        0x0 c:/program files/stmicroelectronics/stm32cubeide/plugins/com.st.stm32cube.ide.mcu.externaltools.gnu-tools-for-stm32.10.3-2021.10.win32_1.0.100.202210260954/tools/bin/../lib/gcc/arm-none-eabi/10.3.1/thumb/v7e-m+dp/hard/crtbegin.o

.preinit_array  0x0000000008011830        0x0
                0x0000000008011830                PROVIDE (__preinit_array_start = .)
 *(.preinit_array*)
                0x0000000008011830                PROVIDE (__preinit_array_end = .)

.init_array     0x0000000008011830        0x4
                0x0000000008011830                PROVIDE (__init_array_start = .)
 *(SORT_BY_NAME(.init_array.*))
 *(.init_array*)
 .init_array    0x0000000008011830        0x4 c:/program files/stmicroelectronics/stm32cubeide/plugins/com.st.stm32cube.ide.mcu.externaltools.gnu-tools-for-stm32.10.3-2021.10.win32_1.0.100.202210260954/tools/bin/../lib/gcc/arm-none-eabi/10.3.1/thumb/v7e-m+dp/hard/crtbegin.o
                0x0000000008011834                PROVIDE (__init_array_end = .)

.fini_array     0x0000000008011834        0x4
                [!provide]                        PROVIDE (__fini_array_start = .)
 *(SORT_BY_NAME(.fini_array.*))
 *(.fini_array*)
 .fini_array    0x0000000008011834        0x4 c:/program files/stmicroelectronics/stm32cubeide/plugins/com.st.stm32cube.ide.mcu.externaltools.gnu-tools-for-stm32.10.3-2021.10.win32_1.0.100.202210260954/tools/bin/../lib/gcc/arm-none-eabi/10.3.1/thumb/v7e-m+dp/hard/crtbegin.o
                [!provide]                        PROVIDE (__fini_array_end = .)
                0x0000000008011838                _sidata = LOADADDR (.data)

.data           0x0000000024000000       0x88 load address 0x0000000008011838
                0x0000000024000000                . = ALIGN (0x4)
                0x0000000024000000                _sdata = .
 *(.data)
 *(.data*)
 .data.CameraResX
                0x0000000024000000        0x4 ./Core/Src/main.o
 .data.CameraResY
                0x0000000024000004        0x4 ./Core/Src/main.o
 .data.SystemCoreClock
                0x0000000024000008        0x4 ./Core/Src/system_stm32h7xx.o
                0x0000000024000008                SystemCoreClock
 .data.SystemD2Clock
                0x000000002400000c        0x4 ./Core/Src/system_stm32h7xx.o
                0x000000002400000c                SystemD2Clock
 .data.MFXSTM32L152_IO_Driver
                0x0000000024000010       0x2c ./Drivers/BSP/STM32H7B3I-DK/mfxstm32l152.o
                0x0000000024000010                MFXSTM32L152_IO_Driver
 .data.OV5640_CAMERA_Driver
                0x000000002400003c       0x44 ./Drivers/BSP/STM32H7B3I-DK/ov5640.o
                0x000000002400003c                OV5640_CAMERA_Driver
 .data.uwTickPrio
                0x0000000024000080        0x4 ./Drivers/STM32H7xx_HAL_Driver/Src/stm32h7xx_hal.o
                0x0000000024000080                uwTickPrio
 .data.uwTickFreq
                0x0000000024000084        0x1 ./Drivers/STM32H7xx_HAL_Driver/Src/stm32h7xx_hal.o
                0x0000000024000084                uwTickFreq
 *(.RamFunc)
 *(.RamFunc*)
                0x0000000024000088                . = ALIGN (0x4)
 *fill*         0x0000000024000085        0x3 
                0x0000000024000088                _edata = .

.igot.plt       0x0000000024000088        0x0 load address 0x00000000080118c0
 .igot.plt      0x0000000024000088        0x0 c:/program files/stmicroelectronics/stm32cubeide/plugins/com.st.stm32cube.ide.mcu.externaltools.gnu-tools-for-stm32.10.3-2021.10.win32_1.0.100.202210260954/tools/bin/../lib/gcc/arm-none-eabi/10.3.1/thumb/v7e-m+dp/hard/crtbegin.o
                0x0000000024000088                . = ALIGN (0x4)

.bss            0x0000000024000088     0x10ec load address 0x00000000080118c0
                0x0000000024000088                _sbss = .
                0x0000000024000088                __bss_start__ = _sbss
 *(.bss)
 .bss           0x0000000024000088       0x1c c:/program files/stmicroelectronics/stm32cubeide/plugins/com.st.stm32cube.ide.mcu.externaltools.gnu-tools-for-stm32.10.3-2021.10.win32_1.0.100.202210260954/tools/bin/../lib/gcc/arm-none-eabi/10.3.1/thumb/v7e-m+dp/hard/crtbegin.o
 *(.bss*)
 .bss.hdcmi     0x00000000240000a4       0x50 ./Core/Src/main.o
                0x00000000240000a4                hdcmi
 .bss.hdma2d    0x00000000240000f4       0x68 ./Core/Src/main.o
                0x00000000240000f4                hdma2d
 .bss.hi2c1     0x000000002400015c       0x54 ./Core/Src/main.o
                0x000000002400015c                hi2c1
 .bss.hi2c2     0x00000000240001b0       0x54 ./Core/Src/main.o
                0x00000000240001b0                hi2c2
 .bss.hi2c4     0x0000000024000204       0x54 ./Core/Src/main.o
                0x0000000024000204                hi2c4
 .bss.hi2s6     0x0000000024000258       0x54 ./Core/Src/main.o
                0x0000000024000258                hi2s6
 .bss.hltdc     0x00000000240002ac       0xa8 ./Core/Src/main.o
                0x00000000240002ac                hltdc
 .bss.hospi1    0x0000000024000354       0x5c ./Core/Src/main.o
                0x0000000024000354                hospi1
 .bss.hrtc      0x00000000240003b0       0x28 ./Core/Src/main.o
                0x00000000240003b0                hrtc
 .bss.hsd1      0x00000000240003d8       0x7c ./Core/Src/main.o
                0x00000000240003d8                hsd1
 .bss.hspi2     0x0000000024000454       0x88 ./Core/Src/main.o
                0x0000000024000454                hspi2
 .bss.huart1    0x00000000240004dc       0x94 ./Core/Src/main.o
                0x00000000240004dc                huart1
 .bss.hsdram1   0x0000000024000570       0x34 ./Core/Src/main.o
                0x0000000024000570                hsdram1
 .bss.camera_frame_ready
                0x00000000240005a4        0x4 ./Core/Src/main.o
                0x00000000240005a4                camera_frame_ready
 .bss.I2c2InitCounter
                0x00000000240005a8        0x4 ./Drivers/BSP/STM32H7B3I-DK/stm32h7b3i_eval_bus.o
 .bss.I2c_valid_timing
                0x00000000240005ac      0xa00 ./Drivers/BSP/STM32H7B3I-DK/stm32h7b3i_eval_bus.o
 .bss.I2c_valid_timing_nbr
                0x0000000024000fac        0x4 ./Drivers/BSP/STM32H7B3I-DK/stm32h7b3i_eval_bus.o
 .bss.hbus_i2c2
                0x0000000024000fb0       0x54 ./Drivers/BSP/STM32H7B3I-DK/stm32h7b3i_eval_bus.o
                0x0000000024000fb0                hbus_i2c2
 .bss.Camera_CompObj
                0x0000000024001004        0x4 ./Drivers/BSP/STM32H7B3I-DK/stm32h7b3i_eval_camera.o
                0x0000000024001004                Camera_CompObj
 .bss.hcamera_dcmi
                0x0000000024001008       0x50 ./Drivers/BSP/STM32H7B3I-DK/stm32h7b3i_eval_camera.o
                0x0000000024001008                hcamera_dcmi
 .bss.Camera_Ctx
                0x0000000024001058       0x30 ./Drivers/BSP/STM32H7B3I-DK/stm32h7b3i_eval_camera.o
                0x0000000024001058                Camera_Ctx
 .bss.Camera_Drv
                0x0000000024001088        0x4 ./Drivers/BSP/STM32H7B3I-DK/stm32h7b3i_eval_camera.o
 .bss.Camera_Cap
                0x000000002400108c        0x4 ./Drivers/BSP/STM32H7B3I-DK/stm32h7b3i_eval_camera.o
 .bss.hdma_handler.1
                0x0000000024001090       0x78 ./Drivers/BSP/STM32H7B3I-DK/stm32h7b3i_eval_camera.o
 .bss.OV5640Obj.0
                0x0000000024001108       0x28 ./Drivers/BSP/STM32H7B3I-DK/stm32h7b3i_eval_camera.o
 .bss.IO_Ctx    0x0000000024001130        0x8 ./Drivers/BSP/STM32H7B3I-DK/stm32h7b3i_eval_io.o
                0x0000000024001130                IO_Ctx
 .bss.Io_CompObj
                0x0000000024001138       0x28 ./Drivers/BSP/STM32H7B3I-DK/stm32h7b3i_eval_io.o
                0x0000000024001138                Io_CompObj
 .bss.hio_exti  0x0000000024001160        0x8 ./Drivers/BSP/STM32H7B3I-DK/stm32h7b3i_eval_io.o
                0x0000000024001160                hio_exti
 .bss.Io_Drv    0x0000000024001168        0x4 ./Drivers/BSP/STM32H7B3I-DK/stm32h7b3i_eval_io.o
 .bss.mfx_io_it_enabled.0
                0x000000002400116c        0x4 ./Drivers/BSP/STM32H7B3I-DK/stm32h7b3i_eval_io.o
 .bss.uwTick    0x0000000024001170        0x4 ./Drivers/STM32H7xx_HAL_Driver/Src/stm32h7xx_hal.o
                0x0000000024001170                uwTick
 *(COMMON)
                0x0000000024001174                . = ALIGN (0x4)
                0x0000000024001174                _ebss = .
                0x0000000024001174                __bss_end__ = _ebss

._user_heap_stack
                0x0000000024001174      0x604 load address 0x00000000080118c0
                0x0000000024001178                . = ALIGN (0x8)
 *fill*         0x0000000024001174        0x4 
                [!provide]                        PROVIDE (end = .)
                0x0000000024001178                PROVIDE (_end = .)
                0x0000000024001378                . = (. + _Min_Heap_Size)
 *fill*         0x0000000024001178      0x200 
                0x0000000024001778                . = (. + _Min_Stack_Size)
 *fill*         0x0000000024001378      0x400 
                0x0000000024001778                . = ALIGN (0x8)

/DISCARD/
 libc.a(*)
 libm.a(*)
 libgcc.a(*)

.ARM.attributes
                0x0000000000000000       0x2e
 *(.ARM.attributes)
 .ARM.attributes
                0x0000000000000000       0x1e c:/program files/stmicroelectronics/stm32cubeide/plugins/com.st.stm32cube.ide.mcu.externaltools.gnu-tools-for-stm32.10.3-2021.10.win32_1.0.100.202210260954/tools/bin/../lib/gcc/arm-none-eabi/10.3.1/thumb/v7e-m+dp/hard/crti.o
 .ARM.attributes
                0x000000000000001e       0x32 c:/program files/stmicroelectronics/stm32cubeide/plugins/com.st.stm32cube.ide.mcu.externaltools.gnu-tools-for-stm32.10.3-2021.10.win32_1.0.100.202210260954/tools/bin/../lib/gcc/arm-none-eabi/10.3.1/thumb/v7e-m+dp/hard/crtbegin.o
 .ARM.attributes
                0x0000000000000050       0x32 ./Core/Src/main.o
 .ARM.attributes
                0x0000000000000082       0x32 ./Core/Src/system_stm32h7xx.o
 .ARM.attributes
                0x00000000000000b4       0x21 ./Core/Startup/startup_stm32h7b3lihxq.o
 .ARM.attributes
                0x00000000000000d5       0x32 ./Drivers/BSP/STM32H7B3I-DK/mfxstm32l152.o
 .ARM.attributes
                0x0000000000000107       0x32 ./Drivers/BSP/STM32H7B3I-DK/mfxstm32l152_reg.o
 .ARM.attributes
                0x0000000000000139       0x32 ./Drivers/BSP/STM32H7B3I-DK/ov5640.o
 .ARM.attributes
                0x000000000000016b       0x32 ./Drivers/BSP/STM32H7B3I-DK/ov5640_reg.o
 .ARM.attributes
                0x000000000000019d       0x32 ./Drivers/BSP/STM32H7B3I-DK/stm32h7b3i_eval_bus.o
 .ARM.attributes
                0x00000000000001cf       0x32 ./Drivers/BSP/STM32H7B3I-DK/stm32h7b3i_eval_camera.o
 .ARM.attributes
                0x0000000000000201       0x32 ./Drivers/BSP/STM32H7B3I-DK/stm32h7b3i_eval_io.o
 .ARM.attributes
                0x0000000000000233       0x32 ./Drivers/STM32H7xx_HAL_Driver/Src/stm32h7xx_hal.o
 .ARM.attributes
                0x0000000000000265       0x32 ./Drivers/STM32H7xx_HAL_Driver/Src/stm32h7xx_hal_cortex.o
 .ARM.attributes
                0x0000000000000297       0x32 ./Drivers/STM32H7xx_HAL_Driver/Src/stm32h7xx_hal_dcmi.o
 .ARM.attributes
                0x00000000000002c9       0x32 ./Drivers/STM32H7xx_HAL_Driver/Src/stm32h7xx_hal_dma.o
 .ARM.attributes
                0x00000000000002fb       0x32 ./Drivers/STM32H7xx_HAL_Driver/Src/stm32h7xx_hal_dma2d.o
 .ARM.attributes
                0x000000000000032d       0x32 ./Drivers/STM32H7xx_HAL_Driver/Src/stm32h7xx_hal_dma_ex.o
 .ARM.attributes
                0x000000000000035f       0x32 ./Drivers/STM32H7xx_HAL_Driver/Src/stm32h7xx_hal_exti.o
 .ARM.attributes
                0x0000000000000391       0x32 ./Drivers/STM32H7xx_HAL_Driver/Src/stm32h7xx_hal_gpio.o
 .ARM.attributes
                0x00000000000003c3       0x32 ./Drivers/STM32H7xx_HAL_Driver/Src/stm32h7xx_hal_i2c.o
 .ARM.attributes
                0x00000000000003f5       0x32 ./Drivers/STM32H7xx_HAL_Driver/Src/stm32h7xx_hal_i2c_ex.o
 .ARM.attributes
                0x0000000000000427       0x32 ./Drivers/STM32H7xx_HAL_Driver/Src/stm32h7xx_hal_i2s.o
 .ARM.attributes
                0x0000000000000459       0x32 ./Drivers/STM32H7xx_HAL_Driver/Src/stm32h7xx_hal_ltdc.o
 .ARM.attributes
                0x000000000000048b       0x32 ./Drivers/STM32H7xx_HAL_Driver/Src/stm32h7xx_hal_ospi.o
 .ARM.attributes
                0x00000000000004bd       0x32 ./Drivers/STM32H7xx_HAL_Driver/Src/stm32h7xx_hal_pwr.o
 .ARM.attributes
                0x00000000000004ef       0x32 ./Drivers/STM32H7xx_HAL_Driver/Src/stm32h7xx_hal_pwr_ex.o
 .ARM.attributes
                0x0000000000000521       0x32 ./Drivers/STM32H7xx_HAL_Driver/Src/stm32h7xx_hal_rcc.o
 .ARM.attributes
                0x0000000000000553       0x32 ./Drivers/STM32H7xx_HAL_Driver/Src/stm32h7xx_hal_rcc_ex.o
 .ARM.attributes
                0x0000000000000585       0x32 ./Drivers/STM32H7xx_HAL_Driver/Src/stm32h7xx_hal_rtc.o
 .ARM.attributes
                0x00000000000005b7       0x32 ./Drivers/STM32H7xx_HAL_Driver/Src/stm32h7xx_hal_sd.o
 .ARM.attributes
                0x00000000000005e9       0x32 ./Drivers/STM32H7xx_HAL_Driver/Src/stm32h7xx_hal_sdram.o
 .ARM.attributes
                0x000000000000061b       0x32 ./Drivers/STM32H7xx_HAL_Driver/Src/stm32h7xx_hal_spi.o
 .ARM.attributes
                0x000000000000064d       0x32 ./Drivers/STM32H7xx_HAL_Driver/Src/stm32h7xx_hal_uart.o
 .ARM.attributes
                0x000000000000067f       0x32 ./Drivers/STM32H7xx_HAL_Driver/Src/stm32h7xx_hal_uart_ex.o
 .ARM.attributes
                0x00000000000006b1       0x32 ./Drivers/STM32H7xx_HAL_Driver/Src/stm32h7xx_ll_fmc.o
 .ARM.attributes
                0x00000000000006e3       0x32 ./Drivers/STM32H7xx_HAL_Driver/Src/stm32h7xx_ll_sdmmc.o
 .ARM.attributes
                0x0000000000000715       0x32 c:/program files/stmicroelectronics/stm32cubeide/plugins/com.st.stm32cube.ide.mcu.externaltools.gnu-tools-for-stm32.10.3-2021.10.win32_1.0.100.202210260954/tools/bin/../lib/gcc/arm-none-eabi/10.3.1/../../../../arm-none-eabi/lib/thumb/v7e-m+dp/hard\libc_nano.a(lib_a-init.o)
 .ARM.attributes
                0x0000000000000747       0x32 c:/program files/stmicroelectronics/stm32cubeide/plugins/com.st.stm32cube.ide.mcu.externaltools.gnu-tools-for-stm32.10.3-2021.10.win32_1.0.100.202210260954/tools/bin/../lib/gcc/arm-none-eabi/10.3.1/../../../../arm-none-eabi/lib/thumb/v7e-m+dp/hard\libc_nano.a(lib_a-memset.o)
 .ARM.attributes
                0x0000000000000779       0x1e c:/program files/stmicroelectronics/stm32cubeide/plugins/com.st.stm32cube.ide.mcu.externaltools.gnu-tools-for-stm32.10.3-2021.10.win32_1.0.100.202210260954/tools/bin/../lib/gcc/arm-none-eabi/10.3.1/thumb/v7e-m+dp/hard\libgcc.a(_aeabi_uldivmod.o)
 .ARM.attributes
                0x0000000000000797       0x32 c:/program files/stmicroelectronics/stm32cubeide/plugins/com.st.stm32cube.ide.mcu.externaltools.gnu-tools-for-stm32.10.3-2021.10.win32_1.0.100.202210260954/tools/bin/../lib/gcc/arm-none-eabi/10.3.1/thumb/v7e-m+dp/hard\libgcc.a(_udivmoddi4.o)
 .ARM.attributes
                0x00000000000007c9       0x1e c:/program files/stmicroelectronics/stm32cubeide/plugins/com.st.stm32cube.ide.mcu.externaltools.gnu-tools-for-stm32.10.3-2021.10.win32_1.0.100.202210260954/tools/bin/../lib/gcc/arm-none-eabi/10.3.1/thumb/v7e-m+dp/hard\libgcc.a(_dvmd_tls.o)
 .ARM.attributes
                0x00000000000007e7       0x1e c:/program files/stmicroelectronics/stm32cubeide/plugins/com.st.stm32cube.ide.mcu.externaltools.gnu-tools-for-stm32.10.3-2021.10.win32_1.0.100.202210260954/tools/bin/../lib/gcc/arm-none-eabi/10.3.1/thumb/v7e-m+dp/hard/crtn.o
OUTPUT(camtest.elf elf32-littlearm)
LOAD linker stubs
LOAD c:/program files/stmicroelectronics/stm32cubeide/plugins/com.st.stm32cube.ide.mcu.externaltools.gnu-tools-for-stm32.10.3-2021.10.win32_1.0.100.202210260954/tools/bin/../lib/gcc/arm-none-eabi/10.3.1/../../../../arm-none-eabi/lib/thumb/v7e-m+dp/hard\libc.a
LOAD c:/program files/stmicroelectronics/stm32cubeide/plugins/com.st.stm32cube.ide.mcu.externaltools.gnu-tools-for-stm32.10.3-2021.10.win32_1.0.100.202210260954/tools/bin/../lib/gcc/arm-none-eabi/10.3.1/../../../../arm-none-eabi/lib/thumb/v7e-m+dp/hard\libm.a
LOAD c:/program files/stmicroelectronics/stm32cubeide/plugins/com.st.stm32cube.ide.mcu.externaltools.gnu-tools-for-stm32.10.3-2021.10.win32_1.0.100.202210260954/tools/bin/../lib/gcc/arm-none-eabi/10.3.1/thumb/v7e-m+dp/hard\libgcc.a

.debug_info     0x0000000000000000    0x2b28d
 .debug_info    0x0000000000000000     0x3dbd ./Core/Src/main.o
 .debug_info    0x0000000000003dbd      0xc8a ./Core/Src/system_stm32h7xx.o
 .debug_info    0x0000000000004a47       0x22 ./Core/Startup/startup_stm32h7b3lihxq.o
 .debug_info    0x0000000000004a69     0x1860 ./Drivers/BSP/STM32H7B3I-DK/mfxstm32l152.o
 .debug_info    0x00000000000062c9      0x1f0 ./Drivers/BSP/STM32H7B3I-DK/mfxstm32l152_reg.o
 .debug_info    0x00000000000064b9     0x1161 ./Drivers/BSP/STM32H7B3I-DK/ov5640.o
 .debug_info    0x000000000000761a      0x1f0 ./Drivers/BSP/STM32H7B3I-DK/ov5640_reg.o
 .debug_info    0x000000000000780a     0x1682 ./Drivers/BSP/STM32H7B3I-DK/stm32h7b3i_eval_bus.o
 .debug_info    0x0000000000008e8c     0x26d5 ./Drivers/BSP/STM32H7B3I-DK/stm32h7b3i_eval_camera.o
 .debug_info    0x000000000000b561     0x1468 ./Drivers/BSP/STM32H7B3I-DK/stm32h7b3i_eval_io.o
 .debug_info    0x000000000000c9c9     0x1488 ./Drivers/STM32H7xx_HAL_Driver/Src/stm32h7xx_hal.o
 .debug_info    0x000000000000de51     0x1161 ./Drivers/STM32H7xx_HAL_Driver/Src/stm32h7xx_hal_cortex.o
 .debug_info    0x000000000000efb2      0xcb3 ./Drivers/STM32H7xx_HAL_Driver/Src/stm32h7xx_hal_dcmi.o
 .debug_info    0x000000000000fc65      0xc06 ./Drivers/STM32H7xx_HAL_Driver/Src/stm32h7xx_hal_dma.o
 .debug_info    0x000000000001086b     0x11f7 ./Drivers/STM32H7xx_HAL_Driver/Src/stm32h7xx_hal_dma2d.o
 .debug_info    0x0000000000011a62      0x899 ./Drivers/STM32H7xx_HAL_Driver/Src/stm32h7xx_hal_dma_ex.o
 .debug_info    0x00000000000122fb      0x835 ./Drivers/STM32H7xx_HAL_Driver/Src/stm32h7xx_hal_exti.o
 .debug_info    0x0000000000012b30      0xbe7 ./Drivers/STM32H7xx_HAL_Driver/Src/stm32h7xx_hal_gpio.o
 .debug_info    0x0000000000013717     0x2455 ./Drivers/STM32H7xx_HAL_Driver/Src/stm32h7xx_hal_i2c.o
 .debug_info    0x0000000000015b6c      0xd12 ./Drivers/STM32H7xx_HAL_Driver/Src/stm32h7xx_hal_i2c_ex.o
 .debug_info    0x000000000001687e     0x11cd ./Drivers/STM32H7xx_HAL_Driver/Src/stm32h7xx_hal_i2s.o
 .debug_info    0x0000000000017a4b     0x1163 ./Drivers/STM32H7xx_HAL_Driver/Src/stm32h7xx_hal_ltdc.o
 .debug_info    0x0000000000018bae     0x1aa6 ./Drivers/STM32H7xx_HAL_Driver/Src/stm32h7xx_hal_ospi.o
 .debug_info    0x000000000001a654      0x961 ./Drivers/STM32H7xx_HAL_Driver/Src/stm32h7xx_hal_pwr.o
 .debug_info    0x000000000001afb5      0xfba ./Drivers/STM32H7xx_HAL_Driver/Src/stm32h7xx_hal_pwr_ex.o
 .debug_info    0x000000000001bf6f      0xf8f ./Drivers/STM32H7xx_HAL_Driver/Src/stm32h7xx_hal_rcc.o
 .debug_info    0x000000000001cefe     0x12c9 ./Drivers/STM32H7xx_HAL_Driver/Src/stm32h7xx_hal_rcc_ex.o
 .debug_info    0x000000000001e1c7     0x1102 ./Drivers/STM32H7xx_HAL_Driver/Src/stm32h7xx_hal_rtc.o
 .debug_info    0x000000000001f2c9     0x1b97 ./Drivers/STM32H7xx_HAL_Driver/Src/stm32h7xx_hal_sd.o
 .debug_info    0x0000000000020e60     0x10e5 ./Drivers/STM32H7xx_HAL_Driver/Src/stm32h7xx_hal_sdram.o
 .debug_info    0x0000000000021f45     0x159c ./Drivers/STM32H7xx_HAL_Driver/Src/stm32h7xx_hal_spi.o
 .debug_info    0x00000000000234e1     0x4df2 ./Drivers/STM32H7xx_HAL_Driver/Src/stm32h7xx_hal_uart.o
 .debug_info    0x00000000000282d3     0x105a ./Drivers/STM32H7xx_HAL_Driver/Src/stm32h7xx_hal_uart_ex.o
 .debug_info    0x000000000002932d      0xc4b ./Drivers/STM32H7xx_HAL_Driver/Src/stm32h7xx_ll_fmc.o
 .debug_info    0x0000000000029f78     0x1315 ./Drivers/STM32H7xx_HAL_Driver/Src/stm32h7xx_ll_sdmmc.o

.debug_abbrev   0x0000000000000000     0x4cac
 .debug_abbrev  0x0000000000000000      0x2ee ./Core/Src/main.o
 .debug_abbrev  0x00000000000002ee      0x147 ./Core/Src/system_stm32h7xx.o
 .debug_abbrev  0x0000000000000435       0x12 ./Core/Startup/startup_stm32h7b3lihxq.o
 .debug_abbrev  0x0000000000000447      0x22c ./Drivers/BSP/STM32H7B3I-DK/mfxstm32l152.o
 .debug_abbrev  0x0000000000000673       0xe9 ./Drivers/BSP/STM32H7B3I-DK/mfxstm32l152_reg.o
 .debug_abbrev  0x000000000000075c      0x217 ./Drivers/BSP/STM32H7B3I-DK/ov5640.o
 .debug_abbrev  0x0000000000000973       0xe9 ./Drivers/BSP/STM32H7B3I-DK/ov5640_reg.o
 .debug_abbrev  0x0000000000000a5c      0x346 ./Drivers/BSP/STM32H7B3I-DK/stm32h7b3i_eval_bus.o
 .debug_abbrev  0x0000000000000da2      0x362 ./Drivers/BSP/STM32H7B3I-DK/stm32h7b3i_eval_camera.o
 .debug_abbrev  0x0000000000001104      0x32e ./Drivers/BSP/STM32H7B3I-DK/stm32h7b3i_eval_io.o
 .debug_abbrev  0x0000000000001432      0x289 ./Drivers/STM32H7xx_HAL_Driver/Src/stm32h7xx_hal.o
 .debug_abbrev  0x00000000000016bb      0x329 ./Drivers/STM32H7xx_HAL_Driver/Src/stm32h7xx_hal_cortex.o
 .debug_abbrev  0x00000000000019e4      0x230 ./Drivers/STM32H7xx_HAL_Driver/Src/stm32h7xx_hal_dcmi.o
 .debug_abbrev  0x0000000000001c14      0x239 ./Drivers/STM32H7xx_HAL_Driver/Src/stm32h7xx_hal_dma.o
 .debug_abbrev  0x0000000000001e4d      0x227 ./Drivers/STM32H7xx_HAL_Driver/Src/stm32h7xx_hal_dma2d.o
 .debug_abbrev  0x0000000000002074      0x1c2 ./Drivers/STM32H7xx_HAL_Driver/Src/stm32h7xx_hal_dma_ex.o
 .debug_abbrev  0x0000000000002236      0x197 ./Drivers/STM32H7xx_HAL_Driver/Src/stm32h7xx_hal_exti.o
 .debug_abbrev  0x00000000000023cd      0x1ec ./Drivers/STM32H7xx_HAL_Driver/Src/stm32h7xx_hal_gpio.o
 .debug_abbrev  0x00000000000025b9      0x243 ./Drivers/STM32H7xx_HAL_Driver/Src/stm32h7xx_hal_i2c.o
 .debug_abbrev  0x00000000000027fc      0x1e1 ./Drivers/STM32H7xx_HAL_Driver/Src/stm32h7xx_hal_i2c_ex.o
 .debug_abbrev  0x00000000000029dd      0x237 ./Drivers/STM32H7xx_HAL_Driver/Src/stm32h7xx_hal_i2s.o
 .debug_abbrev  0x0000000000002c14      0x221 ./Drivers/STM32H7xx_HAL_Driver/Src/stm32h7xx_hal_ltdc.o
 .debug_abbrev  0x0000000000002e35      0x2a8 ./Drivers/STM32H7xx_HAL_Driver/Src/stm32h7xx_hal_ospi.o
 .debug_abbrev  0x00000000000030dd      0x182 ./Drivers/STM32H7xx_HAL_Driver/Src/stm32h7xx_hal_pwr.o
 .debug_abbrev  0x000000000000325f      0x27e ./Drivers/STM32H7xx_HAL_Driver/Src/stm32h7xx_hal_pwr_ex.o
 .debug_abbrev  0x00000000000034dd      0x2b8 ./Drivers/STM32H7xx_HAL_Driver/Src/stm32h7xx_hal_rcc.o
 .debug_abbrev  0x0000000000003795      0x26d ./Drivers/STM32H7xx_HAL_Driver/Src/stm32h7xx_hal_rcc_ex.o
 .debug_abbrev  0x0000000000003a02      0x210 ./Drivers/STM32H7xx_HAL_Driver/Src/stm32h7xx_hal_rtc.o
 .debug_abbrev  0x0000000000003c12      0x25e ./Drivers/STM32H7xx_HAL_Driver/Src/stm32h7xx_hal_sd.o
 .debug_abbrev  0x0000000000003e70      0x214 ./Drivers/STM32H7xx_HAL_Driver/Src/stm32h7xx_hal_sdram.o
 .debug_abbrev  0x0000000000004084      0x2a2 ./Drivers/STM32H7xx_HAL_Driver/Src/stm32h7xx_hal_spi.o
 .debug_abbrev  0x0000000000004326      0x336 ./Drivers/STM32H7xx_HAL_Driver/Src/stm32h7xx_hal_uart.o
 .debug_abbrev  0x000000000000465c      0x2bd ./Drivers/STM32H7xx_HAL_Driver/Src/stm32h7xx_hal_uart_ex.o
 .debug_abbrev  0x0000000000004919      0x196 ./Drivers/STM32H7xx_HAL_Driver/Src/stm32h7xx_ll_fmc.o
 .debug_abbrev  0x0000000000004aaf      0x1fd ./Drivers/STM32H7xx_HAL_Driver/Src/stm32h7xx_ll_sdmmc.o

.debug_aranges  0x0000000000000000     0x2190