../Core/Src/main.c:108:5:main	32	dynamic
../Core/Src/main.c:199:6:SystemClock_Config	120	static
../Core/Src/main.c:274:6:PeriphCommonClock_Config	200	static
../Core/Src/main.c:311:13:MX_DMA2D_Init	8	static
../Core/Src/main.c:351:13:MX_I2C1_Init	8	static
../Core/Src/main.c:399:13:MX_I2C2_Init	8	static
../Core/Src/main.c:447:13:MX_I2C4_Init	8	static
../Core/Src/main.c:495:13:MX_I2S6_Init	8	static
../Core/Src/main.c:531:13:MX_LTDC_Init	112	static
../Core/Src/main.c:613:13:MX_OCTOSPI1_Init	32	static
../Core/Src/main.c:665:13:MX_RTC_Init	8	static
../Core/Src/main.c:701:13:MX_SDMMC1_SD_Init	8	static
../Core/Src/main.c:732:13:MX_SPI2_Init	8	static
../Core/Src/main.c:780:13:MX_USART1_UART_Init	8	static
../Core/Src/main.c:824:13:MX_FMC_Init	40	static
../Core/Src/main.c:875:13:MX_GPIO_Init	72	static
../Core/Src/main.c:970:6:Error_Handler	4	static,ignoring_inline_asm
